<html>
<body>
<pre>
<h1>礦ision Build Log</h1>
<h2>Tool Versions:</h2>
IDE-Version: μVision V5.37.0.0
Copyright (C) 2022 ARM Ltd and ARM Germany GmbH. All rights reserved.
License Information: matt wang, a, LIC=CZLZX-HU5G8-JJ26S-LI00M-S64JY-FLQV9
 
Tool Versions:
Toolchain:       MDK-ARM Plus  Version: 5.37.0.0
Toolchain Path:  C:\Keil_v5\ARM\ARMCC\Bin
C Compiler:      Armcc.exe V5.06 update 7 (build 960)
Assembler:       Armasm.exe V5.06 update 7 (build 960)
Linker/Locator:  ArmLink.exe V5.06 update 7 (build 960)
Library Manager: ArmAr.exe V5.06 update 7 (build 960)
Hex Converter:   FromElf.exe V5.06 update 7 (build 960)
CPU DLL:         SARMCM3.DLL V5.37.0.0
Dialog DLL:      DARMSTM.DLL V1.69.1.0
Target DLL:      STLink\ST-LINKIII-KEIL_SWO.dll V3.0.9.0
Dialog DLL:      TARMSTM.DLL V1.67.1.0
 
<h2>Project:</h2>
E:\U盘\FreeRTOS实验15-1 FreeRTOS软件定时器实验\USER\FreeRTOS.uvprojx
Project File Date:  08/25/2024

<h2>Output:</h2>
*** Using Compiler 'V5.06 update 7 (build 960)', folder: 'C:\Keil_v5\ARM\ARMCC\Bin'
Rebuild target 'FreeRTOS'
compiling led.c...
compiling system_stm32f10x.c...
compiling beep.c...
compiling key.c...
compiling stm32f10x_it.c...
compiling stm32f10x_adc.c...
compiling myiic.c...
compiling timer.c...
compiling exti.c...
compiling main.c...
assembling startup_stm32f10x_hd.s...
compiling 24cxx.c...
compiling adc.c...
compiling delay.c...
compiling core_cm3.c...
compiling lcd.c...
compiling stm32f10x_dbgmcu.c...
compiling misc.c...
compiling stm32f10x_gpio.c...
compiling usart.c...
compiling sys.c...
compiling stm32f10x_rcc.c...
compiling stm32f10x_usart.c...
compiling stm32f10x_tim.c...
compiling malloc.c...
compiling stm32f10x_fsmc.c...
compiling stm32f10x_exti.c...
compiling croutine.c...
compiling list.c...
compiling event_groups.c...
compiling queue.c...
compiling timers.c...
compiling heap_4.c...
compiling tasks.c...
compiling port.c...
linking...
Program Size: Code=35246 RO-data=6678 RW-data=296 ZI-data=44972  
FromELF: creating hex file...
"..\OBJ\LED.axf" - 0 Error(s), 0 Warning(s).

<h2>Software Packages used:</h2>

Package Vendor: Keil
                https://www.keil.com/pack/Keil.STM32F1xx_DFP.2.4.1.pack
                Keil.STM32F1xx_DFP.2.4.1
                STMicroelectronics STM32F1 Series Device Support, Drivers and Examples

<h2>Collection of Component include folders:</h2>
  C:/Users/matt光/AppData/Local/Arm/Packs/Keil/STM32F1xx_DFP/2.4.1/Device/Include

<h2>Collection of Component Files used:</h2>
Build Time Elapsed:  00:00:03
</pre>
</body>
</html>
