Component: ARM Compiler 5.06 update 7 (build 960) Tool: armlink [4d3601]

==============================================================================

Section Cross References

    main.o(i.AutoReloadCallback) refers to _printf_percent.o(.ARM.Collect$$_printf_percent$$00000000) for _printf_percent
    main.o(i.AutoReloadCallback) refers to _printf_s.o(.ARM.Collect$$_printf_percent$$00000014) for _printf_s
    main.o(i.AutoReloadCallback) refers to _printf_str.o(.text) for _printf_str
    main.o(i.AutoReloadCallback) refers to lcd.o(i.LCD_ShowxNum) for LCD_ShowxNum
    main.o(i.AutoReloadCallback) refers to lcd.o(i.LCD_Fill) for LCD_Fill
    main.o(i.AutoReloadCallback) refers to 24cxx.o(i.AT24CXX_Read) for AT24CXX_Read
    main.o(i.AutoReloadCallback) refers to noretval__2printf.o(.text) for __2printf
    main.o(i.AutoReloadCallback) refers to main.o(.data) for .data
    main.o(i.AutotestCallback) refers to _printf_percent.o(.ARM.Collect$$_printf_percent$$00000000) for _printf_percent
    main.o(i.AutotestCallback) refers to _printf_d.o(.ARM.Collect$$_printf_percent$$00000009) for _printf_d
    main.o(i.AutotestCallback) refers to _printf_lld.o(.ARM.Collect$$_printf_percent$$0000000E) for _printf_lld
    main.o(i.AutotestCallback) refers to _printf_dec.o(.text) for _printf_int_dec
    main.o(i.AutotestCallback) refers to _printf_longlong_dec.o(.text) for _printf_longlong_dec
    main.o(i.AutotestCallback) refers to noretval__2printf.o(.text) for __2printf
    main.o(i.AutotestCallback) refers to main.o(.data) for .data
    main.o(i.OneShotCallback) refers to _printf_pad.o(.text) for _printf_pre_padding
    main.o(i.OneShotCallback) refers to _printf_percent.o(.ARM.Collect$$_printf_percent$$00000000) for _printf_percent
    main.o(i.OneShotCallback) refers to _printf_f.o(.ARM.Collect$$_printf_percent$$00000003) for _printf_f
    main.o(i.OneShotCallback) refers to printf1.o(x$fpl$printf1) for _printf_fp_dec
    main.o(i.OneShotCallback) refers to lcd.o(i.LCD_ShowxNum) for LCD_ShowxNum
    main.o(i.OneShotCallback) refers to lcd.o(i.LCD_Fill) for LCD_Fill
    main.o(i.OneShotCallback) refers to adc.o(i.Get_Adc_Average) for Get_Adc_Average
    main.o(i.OneShotCallback) refers to dflt_clz.o(x$fpl$dfltu) for __aeabi_ui2d
    main.o(i.OneShotCallback) refers to dmul.o(x$fpl$dmul) for __aeabi_dmul
    main.o(i.OneShotCallback) refers to d2f.o(x$fpl$d2f) for __aeabi_d2f
    main.o(i.OneShotCallback) refers to f2d.o(x$fpl$f2d) for __aeabi_f2d
    main.o(i.OneShotCallback) refers to noretval__2printf.o(.text) for __2printf
    main.o(i.OneShotCallback) refers to ffixu.o(x$fpl$ffixu) for __aeabi_f2uiz
    main.o(i.OneShotCallback) refers to fflt_clz.o(x$fpl$ffltu) for __aeabi_ui2f
    main.o(i.OneShotCallback) refers to faddsub_clz.o(x$fpl$frsb) for __aeabi_frsub
    main.o(i.OneShotCallback) refers to fmul.o(x$fpl$fmul) for __aeabi_fmul
    main.o(i.OneShotCallback) refers to main.o(.data) for .data
    main.o(i.main) refers to misc.o(i.NVIC_PriorityGroupConfig) for NVIC_PriorityGroupConfig
    main.o(i.main) refers to delay.o(i.delay_init) for delay_init
    main.o(i.main) refers to usart.o(i.uart_init) for uart_init
    main.o(i.main) refers to led.o(i.LED_Init) for LED_Init
    main.o(i.main) refers to key.o(i.KEY_Init) for KEY_Init
    main.o(i.main) refers to beep.o(i.BEEP_Init) for BEEP_Init
    main.o(i.main) refers to lcd.o(i.LCD_Init) for LCD_Init
    main.o(i.main) refers to exti.o(i.EXTIX_Init) for EXTIX_Init
    main.o(i.main) refers to 24cxx.o(i.AT24CXX_Init) for AT24CXX_Init
    main.o(i.main) refers to malloc.o(i.my_mem_init) for my_mem_init
    main.o(i.main) refers to 24cxx.o(i.AT24CXX_Write) for AT24CXX_Write
    main.o(i.main) refers to adc.o(i.Adc_Init) for Adc_Init
    main.o(i.main) refers to lcd.o(i.LCD_ShowString) for LCD_ShowString
    main.o(i.main) refers to lcd.o(i.LCD_DrawLine) for LCD_DrawLine
    main.o(i.main) refers to lcd.o(i.LCD_DrawRectangle) for LCD_DrawRectangle
    main.o(i.main) refers to tasks.o(i.xTaskCreate) for xTaskCreate
    main.o(i.main) refers to tasks.o(i.vTaskStartScheduler) for vTaskStartScheduler
    main.o(i.main) refers to main.o(.constdata) for .constdata
    main.o(i.main) refers to lcd.o(.data) for POINT_COLOR
    main.o(i.main) refers to main.o(.data) for .data
    main.o(i.main) refers to main.o(i.start_task) for start_task
    main.o(i.start_task) refers to port.o(i.vPortEnterCritical) for vPortEnterCritical
    main.o(i.start_task) refers to timers.o(i.xTimerCreate) for xTimerCreate
    main.o(i.start_task) refers to tasks.o(i.xTaskCreate) for xTaskCreate
    main.o(i.start_task) refers to tasks.o(i.vTaskDelete) for vTaskDelete
    main.o(i.start_task) refers to port.o(i.vPortExitCritical) for vPortExitCritical
    main.o(i.start_task) refers to main.o(i.AutoReloadCallback) for AutoReloadCallback
    main.o(i.start_task) refers to main.o(.data) for .data
    main.o(i.start_task) refers to main.o(i.OneShotCallback) for OneShotCallback
[...]
    .bss                                     0x20005700   Section       64  queue.o(.bss)
    .bss                                     0x20005740   Section      740  tasks.o(.bss)
    pxReadyTasksLists                        0x20005740   Data         640  tasks.o(.bss)
    xDelayedTaskList1                        0x200059c0   Data          20  tasks.o(.bss)
    xDelayedTaskList2                        0x200059d4   Data          20  tasks.o(.bss)
    xPendingReadyList                        0x200059e8   Data          20  tasks.o(.bss)
    xTasksWaitingTermination                 0x200059fc   Data          20  tasks.o(.bss)
    xSuspendedTaskList                       0x20005a10   Data          20  tasks.o(.bss)
    .bss                                     0x20005a24   Section       40  timers.o(.bss)
    xActiveTimerList1                        0x20005a24   Data          20  timers.o(.bss)
    xActiveTimerList2                        0x20005a38   Data          20  timers.o(.bss)
    .bss                                     0x20005a4c   Section    20480  heap_4.o(.bss)
    ucHeap                                   0x20005a4c   Data       20480  heap_4.o(.bss)
    .bss                                     0x2000aa4c   Section       96  libspace.o(.bss)
    HEAP                                     0x2000aab0   Section      512  startup_stm32f10x_hd.o(HEAP)
    Heap_Mem                                 0x2000aab0   Data         512  startup_stm32f10x_hd.o(HEAP)
    STACK                                    0x2000acb0   Section     1024  startup_stm32f10x_hd.o(STACK)
    Stack_Mem                                0x2000acb0   Data        1024  startup_stm32f10x_hd.o(STACK)
    __initial_sp                             0x2000b0b0   Data           0  startup_stm32f10x_hd.o(STACK)
    .ARM.__AT_0x68000000                     0x68000000   Section       32  malloc.o(.ARM.__AT_0x68000000)
    .ARM.__AT_0x68000020                     0x68000020   Section        2  malloc.o(.ARM.__AT_0x68000020)

    Global Symbols

    Symbol Name                              Value     Ov Type        Size  Object(Section)

    BuildAttributes$$THM_ISAv4$P$D$K$B$S$PE$A:L22UL41UL21$X:L11$S22US41US21$IEEE1$IW$USESV6$~STKCKD$USESV7$~SHL$OTIME$ROPI$IEEEJ$EBA8$UX$STANDARDLIB$REQ8$PRES8$EABIv2 0x00000000   Number         0  anon$$obj.o ABSOLUTE
    __ARM_use_no_argv                        0x00000000   Number         0  main.o ABSOLUTE
    _printf_flags                            0x00000000   Number         0  printf_stubs.o ABSOLUTE
    _printf_return_value                     0x00000000   Number         0  printf_stubs.o ABSOLUTE
    _printf_sizespec                         0x00000000   Number         0  printf_stubs.o ABSOLUTE
    _printf_widthprec                        0x00000000   Number         0  printf_stubs.o ABSOLUTE
    __ARM_exceptions_init                     - Undefined Weak Reference
    __alloca_initialize                       - Undefined Weak Reference
    __arm_fini_                               - Undefined Weak Reference
    __arm_preinit_                            - Undefined Weak Reference
    __cpp_initialize__aeabi_                  - Undefined Weak Reference
    __cxa_finalize                            - Undefined Weak Reference
    __sigvec_lookup                           - Undefined Weak Reference
    _atexit_init                              - Undefined Weak Reference
    _call_atexit_fns                          - Undefined Weak Reference
    _clock_init                               - Undefined Weak Reference
    _fp_trap_init                             - Undefined Weak Reference
    _fp_trap_shutdown                         - Undefined Weak Reference
    _get_lc_collate                           - Undefined Weak Reference
    _get_lc_ctype                             - Undefined Weak Reference
    _get_lc_monetary                          - Undefined Weak Reference
    _get_lc_time                              - Undefined Weak Reference
    _getenv_init                              - Undefined Weak Reference
    _handle_redirection                       - Undefined Weak Reference
    _init_alloc                               - Undefined Weak Reference
    _init_user_alloc                          - Undefined Weak Reference
    _initio                                   - Undefined Weak Reference
    _mutex_acquire                            - Undefined Weak Reference
    _mutex_release                            - Undefined Weak Reference
    _printf_mbtowc                            - Undefined Weak Reference
    _printf_truncate_signed                   - Undefined Weak Reference
    _printf_truncate_unsigned                 - Undefined Weak Reference
    _rand_init                                - Undefined Weak Reference
    _signal_finish                            - Undefined Weak Reference
    _signal_init                              - Undefined Weak Reference
    _terminate_alloc                          - Undefined Weak Reference
    _terminate_user_alloc                     - Undefined Weak Reference
    _terminateio                              - Undefined Weak Reference
    __Vectors_Size                           0x00000130   Number         0  startup_stm32f10x_hd.o ABSOLUTE
    __Vectors                                0x08000000   Data           4  startup_stm32f10x_hd.o(RESET)
    __Vectors_End                            0x08000130   Data           0  startup_stm32f10x_hd.o(RESET)
    __main                                   0x08000131   Thumb Code     8  __main.o(!!!main)
    __scatterload                            0x08000139   Thumb Code     0  __scatter.o(!!!scatter)
    __scatterload_rt2                        0x08000139   Thumb Code    44  __scatter.o(!!!scatter)
    __scatterload_rt2_thumb_only             0x08000139   Thumb Code     0  __scatter.o(!!!scatter)
    __scatterload_null                       0x08000147   Thumb Code     0  __scatter.o(!!!scatter)
    __scatterload_copy                       0x0800016d   Thumb Code    26  __scatter_copy.o(!!handler_copy)
    __scatterload_zeroinit                   0x08000189   Thumb Code    28  __scatter_zi.o(!!handler_zi)
    _printf_f                                0x080001a5   Thumb Code     0  _printf_f.o(.ARM.Collect$$_printf_percent$$00000003)
    _printf_percent                          0x080001a5   Thumb Code     0  _printf_percent.o(.ARM.Collect$$_printf_percent$$00000000)
    _printf_ll                               0x080001ab   Thumb Code     0  _printf_ll.o(.ARM.Collect$$_printf_percent$$00000007)
    _printf_d                                0x080001b5   Thumb Code     0  _printf_d.o(.ARM.Collect$$_printf_percent$$00000009)
    _printf_x                                0x080001bb   Thumb Code     0  _printf_x.o(.ARM.Collect$$_printf_percent$$0000000C)
    _printf_lld                              0x080001c1   Thumb Code     0  _printf_lld.o(.ARM.Collect$$_printf_percent$$0000000E)
    _printf_s                                0x080001c7   Thumb Code     0  _printf_s.o(.ARM.Collect$$_printf_percent$$00000014)
    _printf_percent_end                      0x080001cd   Thumb Code     0  _printf_percent_end.o(.ARM.Collect$$_printf_percent$$00000017)
    __rt_lib_init                            0x080001d1   Thumb Code     0  libinit.o(.ARM.Collect$$libinit$$00000000)
    __rt_lib_init_fp_1                       0x080001d3   Thumb Code     0  libinit2.o(.ARM.Collect$$libinit$$00000002)
    __rt_lib_init_heap_1                     0x080001d3   Thumb Code     0  libinit2.o(.ARM.Collect$$libinit$$0000000A)
    __rt_lib_init_lc_common                  0x080001d3   Thumb Code     0  libinit2.o(.ARM.Collect$$libinit$$0000000F)
    __rt_lib_init_preinit_1                  0x080001d3   Thumb Code     0  libinit2.o(.ARM.Collect$$libinit$$00000004)
    __rt_lib_init_rand_1                     0x080001d3   Thumb Code     0  libinit2.o(.ARM.Collect$$libinit$$0000000E)
    __rt_lib_init_user_alloc_1               0x080001d3   Thumb Code     0  libinit2.o(.ARM.Collect$$libinit$$0000000C)
    __rt_lib_init_lc_collate_1               0x080001d9   Thumb Code     0  libinit2.o(.ARM.Collect$$libinit$$00000011)
    __rt_lib_init_lc_ctype_1                 0x080001d9   Thumb Code     0  libinit2.o(.ARM.Collect$$libinit$$00000013)
    __rt_lib_init_lc_monetary_1              0x080001d9   Thumb Code     0  libinit2.o(.ARM.Collect$$libinit$$00000015)
    __rt_lib_init_lc_numeric_2               0x080001d9   Thumb Code     0  libinit2.o(.ARM.Collect$$libinit$$00000016)
    __rt_lib_init_alloca_1                   0x080001e3   Thumb Code     0  libinit2.o(.ARM.Collect$$libinit$$0000002E)
    __rt_lib_init_argv_1                     0x080001e3   Thumb Code     0  libinit2.o(.ARM.Collect$$libinit$$0000002C)
    __rt_lib_init_atexit_1                   0x080001e3   Thumb Code     0  libinit2.o(.ARM.Collect$$libinit$$0000001B)
    __rt_lib_init_clock_1                    0x080001e3   Thumb Code     0  libinit2.o(.ARM.Collect$$libinit$$00000021)
    __rt_lib_init_cpp_1                      0x080001e3   Thumb Code     0  libinit2.o(.ARM.Collect$$libinit$$00000032)
    __rt_lib_init_exceptions_1               0x080001e3   Thumb Code     0  libinit2.o(.ARM.Collect$$libinit$$00000030)
    __rt_lib_init_fp_trap_1                  0x080001e3   Thumb Code     0  libinit2.o(.ARM.Collect$$libinit$$0000001F)
    __rt_lib_init_getenv_1                   0x080001e3   Thumb Code     0  libinit2.o(.ARM.Collect$$libinit$$00000023)
    __rt_lib_init_lc_numeric_1               0x080001e3   Thumb Code     0  libinit2.o(.ARM.Collect$$libinit$$00000017)
    __rt_lib_init_lc_time_1                  0x080001e3   Thumb Code     0  libinit2.o(.ARM.Collect$$libinit$$00000019)
    __rt_lib_init_return                     0x080001e3   Thumb Code     0  libinit2.o(.ARM.Collect$$libinit$$00000033)
    __rt_lib_init_signal_1                   0x080001e3   Thumb Code     0  libinit2.o(.ARM.Collect$$libinit$$0000001D)
    __rt_lib_init_stdio_1                    0x080001e3   Thumb Code     0  libinit2.o(.ARM.Collect$$libinit$$00000025)
    __rt_lib_shutdown                        0x080001e5   Thumb Code     0  libshutdown.o(.ARM.Collect$$libshutdown$$00000000)
    __rt_lib_shutdown_cpp_1                  0x080001e7   Thumb Code     0  libshutdown2.o(.ARM.Collect$$libshutdown$$00000004)
    __rt_lib_shutdown_fini_1                 0x080001e7   Thumb Code     0  libshutdown2.o(.ARM.Collect$$libshutdown$$00000002)
    __rt_lib_shutdown_fp_trap_1              0x080001e7   Thumb Code     0  libshutdown2.o(.ARM.Collect$$libshutdown$$00000009)
    __rt_lib_shutdown_heap_1                 0x080001e7   Thumb Code     0  libshutdown2.o(.ARM.Collect$$libshutdown$$00000011)
    __rt_lib_shutdown_return                 0x080001e7   Thumb Code     0  libshutdown2.o(.ARM.Collect$$libshutdown$$00000012)
    __rt_lib_shutdown_signal_1               0x080001e7   Thumb Code     0  libshutdown2.o(.ARM.Collect$$libshutdown$$0000000C)
    __rt_lib_shutdown_stdio_1                0x080001e7   Thumb Code     0  libshutdown2.o(.ARM.Collect$$libshutdown$$00000006)
    __rt_lib_shutdown_user_alloc_1           0x080001e7   Thumb Code     0  libshutdown2.o(.ARM.Collect$$libshutdown$$0000000E)
    __rt_entry                               0x080001e9   Thumb Code     0  __rtentry.o(.ARM.Collect$$rtentry$$00000000)
    __rt_entry_presh_1                       0x080001e9   Thumb Code     0  __rtentry2.o(.ARM.Collect$$rtentry$$00000002)
    __rt_entry_sh                            0x080001e9   Thumb Code     0  __rtentry4.o(.ARM.Collect$$rtentry$$00000004)
    __rt_entry_li                            0x080001ef   Thumb Code     0  __rtentry2.o(.ARM.Collect$$rtentry$$0000000A)
    __rt_entry_postsh_1                      0x080001ef   Thumb Code     0  __rtentry2.o(.ARM.Collect$$rtentry$$00000009)
    __rt_entry_main                          0x080001f3   Thumb Code     0  __rtentry2.o(.ARM.Collect$$rtentry$$0000000D)
    __rt_entry_postli_1                      0x080001f3   Thumb Code     0  __rtentry2.o(.ARM.Collect$$rtentry$$0000000C)
    __rt_exit                                0x080001fb   Thumb Code     0  rtexit.o(.ARM.Collect$$rtexit$$00000000)
    __rt_exit_ls                             0x080001fd   Thumb Code     0  rtexit2.o(.ARM.Collect$$rtexit$$00000003)
    __rt_exit_prels_1                        0x080001fd   Thumb Code     0  rtexit2.o(.ARM.Collect$$rtexit$$00000002)
    __rt_exit_exit                           0x08000201   Thumb Code     0  rtexit2.o(.ARM.Collect$$rtexit$$00000004)
    SVC_Handler                              0x08000209   Thumb Code    32  port.o(.emb_text)
    __asm___6_port_c_39a90d8d__prvStartFirstTask 0x0800022d   Thumb Code    28  port.o(.emb_text)
    PendSV_Handler                           0x0800024d   Thumb Code    72  port.o(.emb_text)
    vPortGetIPSR                             0x08000299   Thumb Code     6  port.o(.emb_text)
    Reset_Handler                            0x080002a1   Thumb Code     8  startup_stm32f10x_hd.o(.text)
    ADC1_2_IRQHandler                        0x080002bb   Thumb Code     0  startup_stm32f10x_hd.o(.text)
    ADC3_IRQHandler                          0x080002bb   Thumb Code     0  startup_stm32f10x_hd.o(.text)
    CAN1_RX1_IRQHandler                      0x080002bb   Thumb Code     0  startup_stm32f10x_hd.o(.text)
    CAN1_SCE_IRQHandler                      0x080002bb   Thumb Code     0  startup_stm32f10x_hd.o(.text)
    DMA1_Channel1_IRQHandler                 0x080002bb   Thumb Code     0  startup_stm32f10x_hd.o(.text)
    DMA1_Channel2_IRQHandler                 0x080002bb   Thumb Code     0  startup_stm32f10x_hd.o(.text)
    DMA1_Channel3_IRQHandler                 0x080002bb   Thumb Code     0  startup_stm32f10x_hd.o(.text)
    DMA1_Channel4_IRQHandler                 0x080002bb   Thumb Code     0  startup_stm32f10x_hd.o(.text)
    DMA1_Channel5_IRQHandler                 0x080002bb   Thumb Code     0  startup_stm32f10x_hd.o(.text)
    DMA1_Channel6_IRQHandler                 0x080002bb   Thumb Code     0  startup_stm32f10x_hd.o(.text)
    DMA1_Channel7_IRQHandler                 0x080002bb   Thumb Code     0  startup_stm32f10x_hd.o(.text)
    DMA2_Channel1_IRQHandler                 0x080002bb   Thumb Code     0  startup_stm32f10x_hd.o(.text)
    DMA2_Channel2_IRQHandler                 0x080002bb   Thumb Code     0  startup_stm32f10x_hd.o(.text)
    DMA2_Channel3_IRQHandler                 0x080002bb   Thumb Code     0  startup_stm32f10x_hd.o(.text)
    DMA2_Channel4_5_IRQHandler               0x080002bb   Thumb Code     0  startup_stm32f10x_hd.o(.text)
    EXTI0_IRQHandler                         0x080002bb   Thumb Code     0  startup_stm32f10x_hd.o(.text)
    EXTI15_10_IRQHandler                     0x080002bb   Thumb Code     0  startup_stm32f10x_hd.o(.text)
    EXTI1_IRQHandler                         0x080002bb   Thumb Code     0  startup_stm32f10x_hd.o(.text)
    EXTI2_IRQHandler                         0x080002bb   Thumb Code     0  startup_stm32f10x_hd.o(.text)
    EXTI3_IRQHandler                         0x080002bb   Thumb Code     0  startup_stm32f10x_hd.o(.text)
    EXTI9_5_IRQHandler                       0x080002bb   Thumb Code     0  startup_stm32f10x_hd.o(.text)
    FLASH_IRQHandler                         0x080002bb   Thumb Code     0  startup_stm32f10x_hd.o(.text)
    FSMC_IRQHandler                          0x080002bb   Thumb Code     0  startup_stm32f10x_hd.o(.text)
    I2C1_ER_IRQHandler                       0x080002bb   Thumb Code     0  startup_stm32f10x_hd.o(.text)
    I2C1_EV_IRQHandler                       0x080002bb   Thumb Code     0  startup_stm32f10x_hd.o(.text)
    I2C2_ER_IRQHandler                       0x080002bb   Thumb Code     0  startup_stm32f10x_hd.o(.text)
    I2C2_EV_IRQHandler                       0x080002bb   Thumb Code     0  startup_stm32f10x_hd.o(.text)
    PVD_IRQHandler                           0x080002bb   Thumb Code     0  startup_stm32f10x_hd.o(.text)
    RCC_IRQHandler                           0x080002bb   Thumb Code     0  startup_stm32f10x_hd.o(.text)
    RTCAlarm_IRQHandler                      0x080002bb   Thumb Code     0  startup_stm32f10x_hd.o(.text)
    RTC_IRQHandler                           0x080002bb   Thumb Code     0  startup_stm32f10x_hd.o(.text)
    SDIO_IRQHandler                          0x080002bb   Thumb Code     0  startup_stm32f10x_hd.o(.text)
    SPI1_IRQHandler                          0x080002bb   Thumb Code     0  startup_stm32f10x_hd.o(.text)
    SPI2_IRQHandler                          0x080002bb   Thumb Code     0  startup_stm32f10x_hd.o(.text)
    SPI3_IRQHandler                          0x080002bb   Thumb Code     0  startup_stm32f10x_hd.o(.text)
    TAMPER_IRQHandler                        0x080002bb   Thumb Code     0  startup_stm32f10x_hd.o(.text)
    TIM1_BRK_IRQHandler                      0x080002bb   Thumb Code     0  startup_stm32f10x_hd.o(.text)
    TIM1_CC_IRQHandler                       0x080002bb   Thumb Code     0  startup_stm32f10x_hd.o(.text)
    TIM1_TRG_COM_IRQHandler                  0x080002bb   Thumb Code     0  startup_stm32f10x_hd.o(.text)
    TIM1_UP_IRQHandler                       0x080002bb   Thumb Code     0  startup_stm32f10x_hd.o(.text)
    TIM2_IRQHandler                          0x080002bb   Thumb Code     0  startup_stm32f10x_hd.o(.text)
    TIM4_IRQHandler                          0x080002bb   Thumb Code     0  startup_stm32f10x_hd.o(.text)
    TIM5_IRQHandler                          0x080002bb   Thumb Code     0  startup_stm32f10x_hd.o(.text)
    TIM6_IRQHandler                          0x080002bb   Thumb Code     0  startup_stm32f10x_hd.o(.text)
    TIM7_IRQHandler                          0x080002bb   Thumb Code     0  startup_stm32f10x_hd.o(.text)
    TIM8_BRK_IRQHandler                      0x080002bb   Thumb Code     0  startup_stm32f10x_hd.o(.text)
    TIM8_CC_IRQHandler                       0x080002bb   Thumb Code     0  startup_stm32f10x_hd.o(.text)
    TIM8_TRG_COM_IRQHandler                  0x080002bb   Thumb Code     0  startup_stm32f10x_hd.o(.text)
    TIM8_UP_IRQHandler                       0x080002bb   Thumb Code     0  startup_stm32f10x_hd.o(.text)
    UART4_IRQHandler                         0x080002bb   Thumb Code     0  startup_stm32f10x_hd.o(.text)
    UART5_IRQHandler                         0x080002bb   Thumb Code     0  startup_stm32f10x_hd.o(.text)
    USART2_IRQHandler                        0x080002bb   Thumb Code     0  startup_stm32f10x_hd.o(.text)
    USART3_IRQHandler                        0x080002bb   Thumb Code     0  startup_stm32f10x_hd.o(.text)
    USBWakeUp_IRQHandler                     0x080002bb   Thumb Code     0  startup_stm32f10x_hd.o(.text)
    USB_HP_CAN1_TX_IRQHandler                0x080002bb   Thumb Code     0  startup_stm32f10x_hd.o(.text)
    USB_LP_CAN1_RX0_IRQHandler               0x080002bb   Thumb Code     0  startup_stm32f10x_hd.o(.text)
    WWDG_IRQHandler                          0x080002bb   Thumb Code     0  startup_stm32f10x_hd.o(.text)
    __user_initial_stackheap                 0x080002bd   Thumb Code     0  startup_stm32f10x_hd.o(.text)
    __use_no_semihosting                     0x080002e1   Thumb Code     2  use_no_semi_2.o(.text)
    __2printf                                0x080002e5   Thumb Code    20  noretval__2printf.o(.text)
    _printf_pre_padding                      0x080002fd   Thumb Code    44  _printf_pad.o(.text)
    _printf_post_padding                     0x08000329   Thumb Code    34  _printf_pad.o(.text)
    _printf_str                              0x0800034b   Thumb Code    82  _printf_str.o(.text)
    _printf_int_dec                          0x0800039d   Thumb Code   104  _printf_dec.o(.text)
    _printf_longlong_dec                     0x08000415   Thumb Code   108  _printf_longlong_dec.o(.text)
    _printf_int_hex                          0x08000491   Thumb Code    84  _printf_hex_int.o(.text)
    _printf_longlong_hex                     0x08000491   Thumb Code     0  _printf_hex_int.o(.text)
    __printf                                 0x080004e9   Thumb Code   352  __printf_ss_wp.o(.text)
    __aeabi_memcpy                           0x08000649   Thumb Code     0  rt_memcpy_v6.o(.text)
    __rt_memcpy                              0x08000649   Thumb Code   138  rt_memcpy_v6.o(.text)
    _memcpy_lastbytes                        0x080006af   Thumb Code     0  rt_memcpy_v6.o(.text)
    __aeabi_memset                           0x080006d3   Thumb Code    16  aeabi_memset.o(.text)
    __use_two_region_memory                  0x080006e3   Thumb Code     2  heapauxi.o(.text)
    __rt_heap_escrow$2region                 0x080006e5   Thumb Code     2  heapauxi.o(.text)
    __rt_heap_expand$2region                 0x080006e7   Thumb Code     2  heapauxi.o(.text)
    __I$use$semihosting                      0x080006e9   Thumb Code     0  use_no_semi.o(.text)
    __use_no_semihosting_swi                 0x080006e9   Thumb Code     2  use_no_semi.o(.text)
    _ll_udiv10                               0x080006eb   Thumb Code   138  lludiv10.o(.text)
    _printf_int_common                       0x08000775   Thumb Code   178  _printf_intcommon.o(.text)
    __lib_sel_fp_printf                      0x08000827   Thumb Code     2  _printf_fp_dec.o(.text)
    _printf_fp_dec_real                      0x080009d9   Thumb Code   620  _printf_fp_dec.o(.text)
    _printf_char_common                      0x08000c4f   Thumb Code    32  _printf_char_common.o(.text)
    _printf_cs_common                        0x08000c75   Thumb Code    20  _printf_char.o(.text)
    _printf_char                             0x08000c89   Thumb Code    16  _printf_char.o(.text)
    _printf_string                           0x08000c99   Thumb Code     8  _printf_char.o(.text)
    _printf_char_file                        0x08000ca1   Thumb Code    32  _printf_char_file.o(.text)
    __aeabi_memcpy4                          0x08000cc5   Thumb Code     0  rt_memcpy_w.o(.text)
    __aeabi_memcpy8                          0x08000cc5   Thumb Code     0  rt_memcpy_w.o(.text)
    __rt_memcpy_w                            0x08000cc5   Thumb Code   100  rt_memcpy_w.o(.text)
    _memcpy_lastbytes_aligned                0x08000d0d   Thumb Code     0  rt_memcpy_w.o(.text)
    __aeabi_memclr                           0x08000d29   Thumb Code     0  rt_memclr.o(.text)
    __rt_memclr                              0x08000d29   Thumb Code    68  rt_memclr.o(.text)
    _memset                                  0x08000d2d   Thumb Code     0  rt_memclr.o(.text)
    __rt_locale                              0x08000d6d   Thumb Code     8  rt_locale_intlibspace.o(.text)
    _printf_fp_infnan                        0x08000d75   Thumb Code   112  _printf_fp_infnan.o(.text)
    _btod_etento                             0x08000df5   Thumb Code   224  bigflt0.o(.text)
    ferror                                   0x08000ed9   Thumb Code     8  ferror.o(.text)
    __aeabi_memclr4                          0x08000ee1   Thumb Code     0  rt_memclr_w.o(.text)
    __aeabi_memclr8                          0x08000ee1   Thumb Code     0  rt_memclr_w.o(.text)
    __rt_memclr_w                            0x08000ee1   Thumb Code    78  rt_memclr_w.o(.text)
    _memset_w                                0x08000ee5   Thumb Code     0  rt_memclr_w.o(.text)
    __user_libspace                          0x08000f31   Thumb Code     8  libspace.o(.text)
    __user_perproc_libspace                  0x08000f31   Thumb Code     0  libspace.o(.text)
    __user_perthread_libspace                0x08000f31   Thumb Code     0  libspace.o(.text)
    __user_setup_stackheap                   0x08000f39   Thumb Code    74  sys_stackheap_outer.o(.text)
    exit                                     0x08000f83   Thumb Code    18  exit.o(.text)
    strcmp                                   0x08000f95   Thumb Code   128  strcmpv7m.o(.text)
    _btod_d2e                                0x08001015   Thumb Code    62  btod.o(CL$$btod_d2e)
    _d2e_denorm_low                          0x08001053   Thumb Code    70  btod.o(CL$$btod_d2e_denorm_low)
    _d2e_norm_op1                            0x08001099   Thumb Code    96  btod.o(CL$$btod_d2e_norm_op1)
    __btod_div_common                        0x080010f9   Thumb Code   696  btod.o(CL$$btod_div_common)
    _e2e                                     0x08001431   Thumb Code   220  btod.o(CL$$btod_e2e)
    _btod_ediv                               0x0800150d   Thumb Code    42  btod.o(CL$$btod_ediv)
    _btod_emul                               0x08001537   Thumb Code    42  btod.o(CL$$btod_emul)
    __btod_mult_common                       0x08001561   Thumb Code   580  btod.o(CL$$btod_mult_common)
    ADC_Cmd                                  0x080017a5   Thumb Code    20  stm32f10x_adc.o(i.ADC_Cmd)
    ADC_DeInit                               0x080017b9   Thumb Code    56  stm32f10x_adc.o(i.ADC_DeInit)
    ADC_GetCalibrationStatus                 0x080017fd   Thumb Code    14  stm32f10x_adc.o(i.ADC_GetCalibrationStatus)
    ADC_GetConversionValue                   0x0800180b   Thumb Code     6  stm32f10x_adc.o(i.ADC_GetConversionValue)
    ADC_GetFlagStatus                        0x08001811   Thumb Code    14  stm32f10x_adc.o(i.ADC_GetFlagStatus)
    ADC_GetResetCalibrationStatus            0x0800181f   Thumb Code    14  stm32f10x_adc.o(i.ADC_GetResetCalibrationStatus)
    ADC_Init                                 0x0800182d   Thumb Code    62  stm32f10x_adc.o(i.ADC_Init)
    ADC_RegularChannelConfig                 0x08001875   Thumb Code   116  stm32f10x_adc.o(i.ADC_RegularChannelConfig)
    ADC_ResetCalibration                     0x080018e9   Thumb Code    10  stm32f10x_adc.o(i.ADC_ResetCalibration)
    ADC_SoftwareStartConvCmd                 0x080018f3   Thumb Code    20  stm32f10x_adc.o(i.ADC_SoftwareStartConvCmd)
    ADC_StartCalibration                     0x08001907   Thumb Code    10  stm32f10x_adc.o(i.ADC_StartCalibration)
    AT24CXX_Init                             0x08001911   Thumb Code     4  24cxx.o(i.AT24CXX_Init)
    AT24CXX_Read                             0x08001915   Thumb Code    34  24cxx.o(i.AT24CXX_Read)
    AT24CXX_ReadOneByte                      0x08001937   Thumb Code    66  24cxx.o(i.AT24CXX_ReadOneByte)
    AT24CXX_Write                            0x08001979   Thumb Code    32  24cxx.o(i.AT24CXX_Write)
    AT24CXX_WriteOneByte                     0x08001999   Thumb Code    62  24cxx.o(i.AT24CXX_WriteOneByte)
    Adc_Init                                 0x080019d9   Thumb Code   126  adc.o(i.Adc_Init)
    AutoReloadCallback                       0x08001a61   Thumb Code   110  main.o(i.AutoReloadCallback)
    AutotestCallback                         0x08001af5   Thumb Code    38  main.o(i.AutotestCallback)
    BEEP_Init                                0x08001b55   Thumb Code    50  beep.o(i.BEEP_Init)
    BusFault_Handler                         0x08001b8d   Thumb Code     2  stm32f10x_it.o(i.BusFault_Handler)
    ConfigureTimeForRunTimeStats             0x08001b91   Thumb Code    16  timer.o(i.ConfigureTimeForRunTimeStats)
    DebugMon_Handler                         0x08001ba5   Thumb Code     2  stm32f10x_it.o(i.DebugMon_Handler)
    EXTI4_IRQHandler                         0x08001ba9   Thumb Code    62  exti.o(i.EXTI4_IRQHandler)
    EXTIX_Init                               0x08001c09   Thumb Code    78  exti.o(i.EXTIX_Init)
    EXTI_ClearITPendingBit                   0x08001c59   Thumb Code     6  stm32f10x_exti.o(i.EXTI_ClearITPendingBit)
    EXTI_Init                                0x08001c65   Thumb Code   108  stm32f10x_exti.o(i.EXTI_Init)
    FSMC_NORSRAMCmd                          0x08001cd5   Thumb Code    26  stm32f10x_fsmc.o(i.FSMC_NORSRAMCmd)
    FSMC_NORSRAMInit                         0x08001cf5   Thumb Code   200  stm32f10x_fsmc.o(i.FSMC_NORSRAMInit)
    GPIO_EXTILineConfig                      0x08001dbd   Thumb Code    34  stm32f10x_gpio.o(i.GPIO_EXTILineConfig)
    GPIO_Init                                0x08001de5   Thumb Code   156  stm32f10x_gpio.o(i.GPIO_Init)
    GPIO_ReadInputDataBit                    0x08001e81   Thumb Code    14  stm32f10x_gpio.o(i.GPIO_ReadInputDataBit)
    GPIO_ResetBits                           0x08001e8f   Thumb Code     4  stm32f10x_gpio.o(i.GPIO_ResetBits)
    GPIO_SetBits                             0x08001e93   Thumb Code     4  stm32f10x_gpio.o(i.GPIO_SetBits)
    Get_Adc                                  0x08001e99   Thumb Code    46  adc.o(i.Get_Adc)
    Get_Adc_Average                          0x08001ecd   Thumb Code    46  adc.o(i.Get_Adc_Average)
    HardFault_Handler                        0x08001efb   Thumb Code     2  stm32f10x_it.o(i.HardFault_Handler)
    IIC_Ack                                  0x08001efd   Thumb Code    56  myiic.o(i.IIC_Ack)
    IIC_Init                                 0x08001f3d   Thumb Code    48  myiic.o(i.IIC_Init)
    IIC_NAck                                 0x08001f71   Thumb Code    56  myiic.o(i.IIC_NAck)
    IIC_Read_Byte                            0x08001fb1   Thumb Code   100  myiic.o(i.IIC_Read_Byte)
    IIC_Send_Byte                            0x0800201d   Thumb Code    86  myiic.o(i.IIC_Send_Byte)
    IIC_Start                                0x0800207d   Thumb Code    56  myiic.o(i.IIC_Start)
    IIC_Stop                                 0x080020bd   Thumb Code    58  myiic.o(i.IIC_Stop)
    IIC_Wait_Ack                             0x08002101   Thumb Code    78  myiic.o(i.IIC_Wait_Ack)
    KEY_Init                                 0x08002159   Thumb Code    52  key.o(i.KEY_Init)
    KEY_Scan                                 0x08002195   Thumb Code   154  key.o(i.KEY_Scan)
    LCD_Clear                                0x0800223d   Thumb Code   100  lcd.o(i.LCD_Clear)
    LCD_Display_Dir                          0x080022a9   Thumb Code   304  lcd.o(i.LCD_Display_Dir)
    LCD_DrawLine                             0x080023dd   Thumb Code   150  lcd.o(i.LCD_DrawLine)
    LCD_DrawPoint                            0x08002475   Thumb Code    20  lcd.o(i.LCD_DrawPoint)
    LCD_DrawRectangle                        0x08002491   Thumb Code    56  lcd.o(i.LCD_DrawRectangle)
    LCD_Fast_DrawPoint                       0x080024c9   Thumb Code   278  lcd.o(i.LCD_Fast_DrawPoint)
    LCD_Fill                                 0x080025e9   Thumb Code   132  lcd.o(i.LCD_Fill)
    LCD_Init                                 0x08002675   Thumb Code 11818  lcd.o(i.LCD_Init)
    LCD_Pow                                  0x080054a5   Thumb Code    16  lcd.o(i.LCD_Pow)
    LCD_RD_DATA                              0x080054b5   Thumb Code    16  lcd.o(i.LCD_RD_DATA)
    LCD_ReadReg                              0x080054c9   Thumb Code    20  lcd.o(i.LCD_ReadReg)
    LCD_SSD_BackLightSet                     0x080054e1   Thumb Code    50  lcd.o(i.LCD_SSD_BackLightSet)
    LCD_Scan_Dir                             0x0800551d   Thumb Code   414  lcd.o(i.LCD_Scan_Dir)
    LCD_SetCursor                            0x080056c5   Thumb Code   320  lcd.o(i.LCD_SetCursor)
    LCD_ShowChar                             0x0800580d   Thumb Code   182  lcd.o(i.LCD_ShowChar)
    LCD_ShowString                           0x080058d9   Thumb Code    84  lcd.o(i.LCD_ShowString)
    LCD_ShowxNum                             0x0800592d   Thumb Code   134  lcd.o(i.LCD_ShowxNum)
    LCD_WriteRAM_Prepare                     0x080059b5   Thumb Code    10  lcd.o(i.LCD_WriteRAM_Prepare)
    LCD_WriteReg                             0x080059c9   Thumb Code    10  lcd.o(i.LCD_WriteReg)
    LED_Init                                 0x080059d9   Thumb Code    70  led.o(i.LED_Init)
    MemManage_Handler                        0x08005a29   Thumb Code     2  stm32f10x_it.o(i.MemManage_Handler)
    NMI_Handler                              0x08005a2b   Thumb Code     2  stm32f10x_it.o(i.NMI_Handler)
    NVIC_Init                                0x08005a2d   Thumb Code    94  misc.o(i.NVIC_Init)
    NVIC_PriorityGroupConfig                 0x08005a91   Thumb Code    10  misc.o(i.NVIC_PriorityGroupConfig)
    OneShotCallback                          0x08005aa5   Thumb Code   228  main.o(i.OneShotCallback)
    RCC_ADCCLKConfig                         0x08005bb1   Thumb Code    14  stm32f10x_rcc.o(i.RCC_ADCCLKConfig)
    RCC_AHBPeriphClockCmd                    0x08005bc5   Thumb Code    18  stm32f10x_rcc.o(i.RCC_AHBPeriphClockCmd)
    RCC_APB1PeriphClockCmd                   0x08005bdd   Thumb Code    18  stm32f10x_rcc.o(i.RCC_APB1PeriphClockCmd)
    RCC_APB2PeriphClockCmd                   0x08005bf5   Thumb Code    18  stm32f10x_rcc.o(i.RCC_APB2PeriphClockCmd)
    RCC_APB2PeriphResetCmd                   0x08005c0d   Thumb Code    18  stm32f10x_rcc.o(i.RCC_APB2PeriphResetCmd)
    RCC_GetClocksFreq                        0x08005c25   Thumb Code   132  stm32f10x_rcc.o(i.RCC_GetClocksFreq)
    SysTick_CLKSourceConfig                  0x08005d61   Thumb Code    24  misc.o(i.SysTick_CLKSourceConfig)
    SysTick_Handler                          0x08005d79   Thumb Code    20  delay.o(i.SysTick_Handler)
    SystemInit                               0x08005d8d   Thumb Code    64  system_stm32f10x.o(i.SystemInit)
    TIM3_IRQHandler                          0x08005ddd   Thumb Code    44  timer.o(i.TIM3_IRQHandler)
    TIM3_Int_Init                            0x08005e11   Thumb Code    88  timer.o(i.TIM3_Int_Init)
    TIM_ClearITPendingBit                    0x08005e6d   Thumb Code     6  stm32f10x_tim.o(i.TIM_ClearITPendingBit)
    TIM_Cmd                                  0x08005e73   Thumb Code    20  stm32f10x_tim.o(i.TIM_Cmd)
    TIM_GetITStatus                          0x08005e87   Thumb Code    24  stm32f10x_tim.o(i.TIM_GetITStatus)
    TIM_ITConfig                             0x08005e9f   Thumb Code    16  stm32f10x_tim.o(i.TIM_ITConfig)
    TIM_TimeBaseInit                         0x08005eb1   Thumb Code   114  stm32f10x_tim.o(i.TIM_TimeBaseInit)
    USART1_IRQHandler                        0x08005f4d   Thumb Code    88  usart.o(i.USART1_IRQHandler)
    USART_Cmd                                0x08005fb1   Thumb Code    20  stm32f10x_usart.o(i.USART_Cmd)
    USART_GetITStatus                        0x08005fc5   Thumb Code    62  stm32f10x_usart.o(i.USART_GetITStatus)
    USART_ITConfig                           0x08006003   Thumb Code    48  stm32f10x_usart.o(i.USART_ITConfig)
    USART_Init                               0x08006035   Thumb Code   166  stm32f10x_usart.o(i.USART_Init)
    USART_ReceiveData                        0x080060e1   Thumb Code     8  stm32f10x_usart.o(i.USART_ReceiveData)
    UsageFault_Handler                       0x080060e9   Thumb Code     2  stm32f10x_it.o(i.UsageFault_Handler)
    __ARM_fpclassify                         0x080060eb   Thumb Code    40  fpclassify.o(i.__ARM_fpclassify)
    _is_digit                                0x08006113   Thumb Code    14  __printf_wp.o(i._is_digit)
    _sys_exit                                0x08006121   Thumb Code     2  usart.o(i._sys_exit)
    delay_init                               0x08006125   Thumb Code    60  delay.o(i.delay_init)
    delay_ms                                 0x0800616d   Thumb Code    52  delay.o(i.delay_ms)
    delay_us                                 0x080061a5   Thumb Code    48  delay.o(i.delay_us)
    delay_xms                                0x080061d9   Thumb Code    26  delay.o(i.delay_xms)
    fputc                                    0x080061f5   Thumb Code    18  usart.o(i.fputc)
    main                                     0x0800620d   Thumb Code   316  main.o(i.main)
    my_mem_init                              0x080063e1   Thumb Code    50  malloc.o(i.my_mem_init)
    my_mem_perused                           0x0800641d   Thumb Code    48  malloc.o(i.my_mem_perused)
    mymemset                                 0x08006455   Thumb Code    12  malloc.o(i.mymemset)
    pvPortMalloc                             0x08006d19   Thumb Code   214  heap_4.o(i.pvPortMalloc)
    pvTaskIncrementMutexHeldCount            0x08006e2d   Thumb Code    18  tasks.o(i.pvTaskIncrementMutexHeldCount)
    pxPortInitialiseStack                    0x08006e45   Thumb Code    32  port.o(i.pxPortInitialiseStack)
    start_task                               0x08006e69   Thumb Code   104  main.o(i.start_task)
    timercontrol_task                        0x08006f29   Thumb Code   156  main.o(i.timercontrol_task)
    uart_init                                0x08007005   Thumb Code   154  usart.o(i.uart_init)
    uxListRemove                             0x080070a9   Thumb Code    36  list.o(i.uxListRemove)
    vListInitialise                          0x080070cd   Thumb Code    22  list.o(i.vListInitialise)
    vListInitialiseItem                      0x080070e3   Thumb Code     6  list.o(i.vListInitialiseItem)
    vListInsert                              0x080070e9   Thumb Code    48  list.o(i.vListInsert)
    vListInsertEnd                           0x08007119   Thumb Code    24  list.o(i.vListInsertEnd)
    vPortEnterCritical                       0x08007131   Thumb Code    50  port.o(i.vPortEnterCritical)
    vPortExitCritical                        0x080071a9   Thumb Code    34  port.o(i.vPortExitCritical)
    vPortFree                                0x0800720d   Thumb Code    94  heap_4.o(i.vPortFree)
    vPortSetupTimerInterrupt                 0x080072a9   Thumb Code    26  port.o(i.vPortSetupTimerInterrupt)
    vPortValidateInterruptPriority           0x080072c9   Thumb Code    70  port.o(i.vPortValidateInterruptPriority)
    vQueueAddToRegistry                      0x08007355   Thumb Code    32  queue.o(i.vQueueAddToRegistry)
    vQueueWaitForMessageRestricted           0x08007379   Thumb Code    68  queue.o(i.vQueueWaitForMessageRestricted)
    vTaskDelay                               0x080073bd   Thumb Code    62  tasks.o(i.vTaskDelay)
    vTaskDelete                              0x08007429   Thumb Code   152  tasks.o(i.vTaskDelete)
    vTaskMissedYield                         0x080074f5   Thumb Code     8  tasks.o(i.vTaskMissedYield)
    vTaskPlaceOnEventList                    0x08007501   Thumb Code    44  tasks.o(i.vTaskPlaceOnEventList)
    vTaskPlaceOnEventListRestricted          0x08007555   Thumb Code    52  tasks.o(i.vTaskPlaceOnEventListRestricted)
    vTaskPriorityInherit                     0x080075b1   Thumb Code   124  tasks.o(i.vTaskPriorityInherit)
    vTaskSetTimeOutState                     0x08007635   Thumb Code    30  tasks.o(i.vTaskSetTimeOutState)
    vTaskStartScheduler                      0x0800767d   Thumb Code   100  tasks.o(i.vTaskStartScheduler)
    vTaskSuspendAll                          0x08007715   Thumb Code    10  tasks.o(i.vTaskSuspendAll)
    vTaskSwitchContext                       0x08007725   Thumb Code   106  tasks.o(i.vTaskSwitchContext)
    xPortStartScheduler                      0x080077c1   Thumb Code   108  port.o(i.xPortStartScheduler)
    xPortSysTickHandler                      0x08007839   Thumb Code    38  port.o(i.xPortSysTickHandler)
    xQueueGenericCreate                      0x08007865   Thumb Code    82  queue.o(i.xQueueGenericCreate)
    xQueueGenericReceive                     0x080078dd   Thumb Code   348  queue.o(i.xQueueGenericReceive)
    xQueueGenericReset                       0x08007a61   Thumb Code   128  queue.o(i.xQueueGenericReset)
    xQueueGenericSend                        0x08007b09   Thumb Code   350  queue.o(i.xQueueGenericSend)
    xQueueGenericSendFromISR                 0x08007c91   Thumb Code   188  queue.o(i.xQueueGenericSendFromISR)
    xTaskCheckForTimeOut                     0x08007d71   Thumb Code    94  tasks.o(i.xTaskCheckForTimeOut)
    xTaskCreate                              0x08007df9   Thumb Code    86  tasks.o(i.xTaskCreate)
    xTaskGetSchedulerState                   0x08007e51   Thumb Code    22  tasks.o(i.xTaskGetSchedulerState)
    xTaskGetTickCount                        0x08007e6d   Thumb Code     6  tasks.o(i.xTaskGetTickCount)
    xTaskIncrementTick                       0x08007e79   Thumb Code   188  tasks.o(i.xTaskIncrementTick)
    xTaskPriorityDisinherit                  0x08007f61   Thumb Code   136  tasks.o(i.xTaskPriorityDisinherit)
    xTaskRemoveFromEventList                 0x08008015   Thumb Code   102  tasks.o(i.xTaskRemoveFromEventList)
    xTaskResumeAll                           0x080080ad   Thumb Code   180  tasks.o(i.xTaskResumeAll)
    xTaskResumeFromISR                       0x08008191   Thumb Code   122  tasks.o(i.xTaskResumeFromISR)
    xTimerCreate                             0x0800823d   Thumb Code    74  timers.o(i.xTimerCreate)
    xTimerCreateTimerTask                    0x080082b1   Thumb Code    58  timers.o(i.xTimerCreateTimerTask)
    xTimerGenericCommand                     0x08008325   Thumb Code    98  timers.o(i.xTimerGenericCommand)
    _get_lc_numeric                          0x080083b5   Thumb Code    44  lc_numeric_c.o(locale$$code)
    __aeabi_d2f                              0x080083e1   Thumb Code     0  d2f.o(x$fpl$d2f)
    _d2f                                     0x080083e1   Thumb Code    98  d2f.o(x$fpl$d2f)
    __aeabi_d2uiz                            0x08008445   Thumb Code     0  dfixu.o(x$fpl$dfixu)
    _dfixu                                   0x08008445   Thumb Code    90  dfixu.o(x$fpl$dfixu)
    __aeabi_ui2d                             0x0800849f   Thumb Code     0  dflt_clz.o(x$fpl$dfltu)
    _dfltu                                   0x0800849f   Thumb Code    38  dflt_clz.o(x$fpl$dfltu)
    __aeabi_dmul                             0x080084c5   Thumb Code     0  dmul.o(x$fpl$dmul)
    _dmul                                    0x080084c5   Thumb Code   332  dmul.o(x$fpl$dmul)
    __fpl_dnaninf                            0x08008619   Thumb Code   156  dnaninf.o(x$fpl$dnaninf)
    __fpl_dretinf                            0x080086b5   Thumb Code    12  dretinf.o(x$fpl$dretinf)
    __aeabi_f2d                              0x080086c1   Thumb Code     0  f2d.o(x$fpl$f2d)
    _f2d                                     0x080086c1   Thumb Code    86  f2d.o(x$fpl$f2d)
    __aeabi_fadd                             0x08008719   Thumb Code     0  faddsub_clz.o(x$fpl$fadd)
    _fadd                                    0x08008719   Thumb Code   196  faddsub_clz.o(x$fpl$fadd)
    __aeabi_f2uiz                            0x080087dd   Thumb Code     0  ffixu.o(x$fpl$ffixu)
    _ffixu                                   0x080087dd   Thumb Code    62  ffixu.o(x$fpl$ffixu)
    __aeabi_ui2f                             0x0800881d   Thumb Code     0  fflt_clz.o(x$fpl$ffltu)
    _ffltu                                   0x0800881d   Thumb Code    38  fflt_clz.o(x$fpl$ffltu)
    __aeabi_fmul                             0x08008845   Thumb Code     0  fmul.o(x$fpl$fmul)
    _fmul                                    0x08008845   Thumb Code   258  fmul.o(x$fpl$fmul)
    __fpl_fnaninf                            0x08008947   Thumb Code   140  fnaninf.o(x$fpl$fnaninf)
    __fpl_fretinf                            0x080089d3   Thumb Code    10  fretinf.o(x$fpl$fretinf)
    __aeabi_frsub                            0x080089dd   Thumb Code     0  faddsub_clz.o(x$fpl$frsb)
    _frsb                                    0x080089dd   Thumb Code    20  faddsub_clz.o(x$fpl$frsb)
    __aeabi_fsub                             0x080089f1   Thumb Code     0  faddsub_clz.o(x$fpl$fsub)
    _fsub                                    0x080089f1   Thumb Code   234  faddsub_clz.o(x$fpl$fsub)
    _printf_fp_dec                           0x08008adb   Thumb Code     4  printf1.o(x$fpl$printf1)
    TEXT_Buffer                              0x08008ade   Data          21  main.o(.constdata)
    __I$use$fp                               0x08008ade   Number         0  usenofp.o(x$fpl$usenofp)
    asc2_1206                                0x08008af3   Data        1140  lcd.o(.constdata)
    asc2_1608                                0x08008f67   Data        1520  lcd.o(.constdata)
    asc2_2412                                0x08009557   Data        3420  lcd.o(.constdata)
    memtblsize                               0x0800a2b4   Data           8  malloc.o(.constdata)
    memblksize                               0x0800a2bc   Data           8  malloc.o(.constdata)
    memsize                                  0x0800a2c4   Data           8  malloc.o(.constdata)
    Region$$Table$$Base                      0x0800a388   Number         0  anon$$obj.o(Region$$Table)
    Region$$Table$$Limit                     0x0800a3a8   Number         0  anon$$obj.o(Region$$Table)
    StartTask_Handler                        0x20000004   Data           4  main.o(.data)
    TimerControlTask_Handler                 0x20000008   Data           4  main.o(.data)
    AutoReloadTimer_Handle                   0x2000000c   Data           4  main.o(.data)
    OneShotTimer_Handle                      0x20000010   Data           4  main.o(.data)
    AutotestTimer_Handle                     0x20000014   Data           4  main.o(.data)
    FreeRTOSRunTimeTicks                     0x20000018   Data           8  main.o(.data)
    lcd_discolor                             0x20000020   Data          56  main.o(.data)
    SystemCoreClock                          0x20000058   Data           4  system_stm32f10x.o(.data)
    AHBPrescTable                            0x2000005c   Data          16  system_stm32f10x.o(.data)
    POINT_COLOR                              0x2000006c   Data           2  lcd.o(.data)
    BACK_COLOR                               0x2000006e   Data           2  lcd.o(.data)
    USART_RX_STA                             0x20000076   Data           2  usart.o(.data)
    __stdout                                 0x20000078   Data           4  usart.o(.data)
    mallco_dev                               0x20000090   Data          28  malloc.o(.data)
    pxCurrentTCB                             0x200000ac   Data           4  tasks.o(.data)
    lcddev                                   0x20000128   Data          14  lcd.o(.bss)
    USART_RX_BUF                             0x20000136   Data         200  usart.o(.bss)
    mem1base                                 0x20000200   Data       20480  malloc.o(.bss)
    mem1mapbase                              0x20005200   Data        1280  malloc.o(.bss)
    xQueueRegistry                           0x20005700   Data          64  queue.o(.bss)
    __libspace_start                         0x2000aa4c   Data          96  libspace.o(.bss)
    __temporary_stack_top$libspace           0x2000aaac   Data           0  libspace.o(.bss)
    mem2base                                 0x68000000   Data          32  malloc.o(.ARM.__AT_0x68000000)
    mem2mapbase                              0x68000020   Data           2  malloc.o(.ARM.__AT_0x68000020)



==============================================================================

Memory Map of the image

  Image Entry point : 0x080002a1

  Load Region LR_1 (Base: 0x08000000, Size: 0x0000a4ec, Max: 0xffffffff, ABSOLUTE)

    Execution Region ER_RO (Exec base: 0x08000000, Load base: 0x08000000, Size: 0x0000a3c4, Max: 0xffffffff, ABSOLUTE)

    Exec Addr    Load Addr    Size         Type   Attr      Idx    E Section Name        Object

    0x08000000   0x08000000   0x00000130   Data   RO         1108    RESET               startup_stm32f10x_hd.o
    0x08000130   0x08000130   0x00000008   Code   RO         3494  * !!!main             c_w.l(__main.o)
    0x08000138   0x08000138   0x00000034   Code   RO         3765    !!!scatter          c_w.l(__scatter.o)
    0x0800016c   0x0800016c   0x0000001a   Code   RO         3767    !!handler_copy      c_w.l(__scatter_copy.o)
    0x08000186   0x08000186   0x00000002   PAD
    0x08000188   0x08000188   0x0000001c   Code   RO         3769    !!handler_zi        c_w.l(__scatter_zi.o)
    0x080001a4   0x080001a4   0x00000000   Code   RO         3482    .ARM.Collect$$_printf_percent$$00000000  c_w.l(_printf_percent.o)
    0x080001a4   0x080001a4   0x00000006   Code   RO         3481    .ARM.Collect$$_printf_percent$$00000003  c_w.l(_printf_f.o)
    0x080001aa   0x080001aa   0x0000000a   Code   RO         3550    .ARM.Collect$$_printf_percent$$00000007  c_w.l(_printf_ll.o)
    0x080001b4   0x080001b4   0x00000006   Code   RO         3479    .ARM.Collect$$_printf_percent$$00000009  c_w.l(_printf_d.o)
    0x080001ba   0x080001ba   0x00000006   Code   RO         3478    .ARM.Collect$$_printf_percent$$0000000C  c_w.l(_printf_x.o)
    0x080001c0   0x080001c0   0x00000006   Code   RO         3483    .ARM.Collect$$_printf_percent$$0000000E  c_w.l(_printf_lld.o)
    0x080001c6   0x080001c6   0x00000006   Code   RO         3477    .ARM.Collect$$_printf_percent$$00000014  c_w.l(_printf_s.o)
    0x080001cc   0x080001cc   0x00000004   Code   RO         3549    .ARM.Collect$$_printf_percent$$00000017  c_w.l(_printf_percent_end.o)
    0x080001d0   0x080001d0   0x00000002   Code   RO         3640    .ARM.Collect$$libinit$$00000000  c_w.l(libinit.o)
    0x080001d2   0x080001d2   0x00000000   Code   RO         3642    .ARM.Collect$$libinit$$00000002  c_w.l(libinit2.o)
    0x080001d2   0x080001d2   0x00000000   Code   RO         3644    .ARM.Collect$$libinit$$00000004  c_w.l(libinit2.o)
    0x080001d2   0x080001d2   0x00000000   Code   RO         3647    .ARM.Collect$$libinit$$0000000A  c_w.l(libinit2.o)
    0x080001d2   0x080001d2   0x00000000   Code   RO         3649    .ARM.Collect$$libinit$$0000000C  c_w.l(libinit2.o)
    0x080001d2   0x080001d2   0x00000000   Code   RO         3651    .ARM.Collect$$libinit$$0000000E  c_w.l(libinit2.o)
    0x080001d2   0x080001d2   0x00000006   Code   RO         3652    .ARM.Collect$$libinit$$0000000F  c_w.l(libinit2.o)
    0x080001d8   0x080001d8   0x00000000   Code   RO         3654    .ARM.Collect$$libinit$$00000011  c_w.l(libinit2.o)
    0x080001d8   0x080001d8   0x00000000   Code   RO         3656    .ARM.Collect$$libinit$$00000013  c_w.l(libinit2.o)
    0x080001d8   0x080001d8   0x00000000   Code   RO         3658    .ARM.Collect$$libinit$$00000015  c_w.l(libinit2.o)
    0x080001d8   0x080001d8   0x0000000a   Code   RO         3659    .ARM.Collect$$libinit$$00000016  c_w.l(libinit2.o)
    0x080001e2   0x080001e2   0x00000000   Code   RO         3660    .ARM.Collect$$libinit$$00000017  c_w.l(libinit2.o)
    0x080001e2   0x080001e2   0x00000000   Code   RO         3662    .ARM.Collect$$libinit$$00000019  c_w.l(libinit2.o)
    0x080001e2   0x080001e2   0x00000000   Code   RO         3664    .ARM.Collect$$libinit$$0000001B  c_w.l(libinit2.o)
    0x080001e2   0x080001e2   0x00000000   Code   RO         3666    .ARM.Collect$$libinit$$0000001D  c_w.l(libinit2.o)
    0x080001e2   0x080001e2   0x00000000   Code   RO         3668    .ARM.Collect$$libinit$$0000001F  c_w.l(libinit2.o)
    0x080001e2   0x080001e2   0x00000000   Code   RO         3670    .ARM.Collect$$libinit$$00000021  c_w.l(libinit2.o)
    0x080001e2   0x080001e2   0x00000000   Code   RO         3672    .ARM.Collect$$libinit$$00000023  c_w.l(libinit2.o)
    0x080001e2   0x080001e2   0x00000000   Code   RO         3674    .ARM.Collect$$libinit$$00000025  c_w.l(libinit2.o)
    0x080001e2   0x080001e2   0x00000000   Code   RO         3678    .ARM.Collect$$libinit$$0000002C  c_w.l(libinit2.o)
    0x080001e2   0x080001e2   0x00000000   Code   RO         3680    .ARM.Collect$$libinit$$0000002E  c_w.l(libinit2.o)
    0x080001e2   0x080001e2   0x00000000   Code   RO         3682    .ARM.Collect$$libinit$$00000030  c_w.l(libinit2.o)
    0x080001e2   0x080001e2   0x00000000   Code   RO         3684    .ARM.Collect$$libinit$$00000032  c_w.l(libinit2.o)
    0x080001e2   0x080001e2   0x00000002   Code   RO         3685    .ARM.Collect$$libinit$$00000033  c_w.l(libinit2.o)
    0x080001e4   0x080001e4   0x00000002   Code   RO         3713    .ARM.Collect$$libshutdown$$00000000  c_w.l(libshutdown.o)
    0x080001e6   0x080001e6   0x00000000   Code   RO         3722    .ARM.Collect$$libshutdown$$00000002  c_w.l(libshutdown2.o)
    0x080001e6   0x080001e6   0x00000000   Code   RO         3724    .ARM.Collect$$libshutdown$$00000004  c_w.l(libshutdown2.o)
    0x080001e6   0x080001e6   0x00000000   Code   RO         3726    .ARM.Collect$$libshutdown$$00000006  c_w.l(libshutdown2.o)
    0x080001e6   0x080001e6   0x00000000   Code   RO         3729    .ARM.Collect$$libshutdown$$00000009  c_w.l(libshutdown2.o)
    0x080001e6   0x080001e6   0x00000000   Code   RO         3732    .ARM.Collect$$libshutdown$$0000000C  c_w.l(libshutdown2.o)
    0x080001e6   0x080001e6   0x00000000   Code   RO         3734    .ARM.Collect$$libshutdown$$0000000E  c_w.l(libshutdown2.o)
    0x080001e6   0x080001e6   0x00000000   Code   RO         3737    .ARM.Collect$$libshutdown$$00000011  c_w.l(libshutdown2.o)
    0x080001e6   0x080001e6   0x00000002   Code   RO         3738    .ARM.Collect$$libshutdown$$00000012  c_w.l(libshutdown2.o)
    0x080001e8   0x080001e8   0x00000000   Code   RO         3534    .ARM.Collect$$rtentry$$00000000  c_w.l(__rtentry.o)
    0x080001e8   0x080001e8   0x00000000   Code   RO         3565    .ARM.Collect$$rtentry$$00000002  c_w.l(__rtentry2.o)
    0x080001e8   0x080001e8   0x00000006   Code   RO         3577    .ARM.Collect$$rtentry$$00000004  c_w.l(__rtentry4.o)
    0x080001ee   0x080001ee   0x00000000   Code   RO         3567    .ARM.Collect$$rtentry$$00000009  c_w.l(__rtentry2.o)
    0x080001ee   0x080001ee   0x00000004   Code   RO         3568    .ARM.Collect$$rtentry$$0000000A  c_w.l(__rtentry2.o)
    0x080001f2   0x080001f2   0x00000000   Code   RO         3570    .ARM.Collect$$rtentry$$0000000C  c_w.l(__rtentry2.o)
    0x080001f2   0x080001f2   0x00000008   Code   RO         3571    .ARM.Collect$$rtentry$$0000000D  c_w.l(__rtentry2.o)
    0x080001fa   0x080001fa   0x00000002   Code   RO         3686    .ARM.Collect$$rtexit$$00000000  c_w.l(rtexit.o)
    0x080001fc   0x080001fc   0x00000000   Code   RO         3693    .ARM.Collect$$rtexit$$00000002  c_w.l(rtexit2.o)
    0x080001fc   0x080001fc   0x00000004   Code   RO         3694    .ARM.Collect$$rtexit$$00000003  c_w.l(rtexit2.o)
    0x08000200   0x08000200   0x00000006   Code   RO         3695    .ARM.Collect$$rtexit$$00000004  c_w.l(rtexit2.o)
    0x08000206   0x08000206   0x00000002   PAD
    0x08000208   0x08000208   0x00000096   Code   RO         3336    .emb_text           port.o
    0x0800029e   0x0800029e   0x00000002   PAD
    0x080002a0   0x080002a0   0x00000040   Code   RO         1109  * .text               startup_stm32f10x_hd.o
    0x080002e0   0x080002e0   0x00000002   Code   RO         3415    .text               c_w.l(use_no_semi_2.o)
    0x080002e2   0x080002e2   0x00000002   PAD
    0x080002e4   0x080002e4   0x00000018   Code   RO         3421    .text               c_w.l(noretval__2printf.o)
    0x080002fc   0x080002fc   0x0000004e   Code   RO         3427    .text               c_w.l(_printf_pad.o)
    0x0800034a   0x0800034a   0x00000052   Code   RO         3429    .text               c_w.l(_printf_str.o)
    0x0800039c   0x0800039c   0x00000078   Code   RO         3431    .text               c_w.l(_printf_dec.o)
    0x08000414   0x08000414   0x0000007c   Code   RO         3433    .text               c_w.l(_printf_longlong_dec.o)
    0x08000490   0x08000490   0x00000058   Code   RO         3438    .text               c_w.l(_printf_hex_int.o)
    0x080004e8   0x080004e8   0x00000160   Code   RO         3471    .text               c_w.l(__printf_ss_wp.o)
    0x08000648   0x08000648   0x0000008a   Code   RO         3488    .text               c_w.l(rt_memcpy_v6.o)
    0x080006d2   0x080006d2   0x00000010   Code   RO         3490    .text               c_w.l(aeabi_memset.o)
    0x080006e2   0x080006e2   0x00000006   Code   RO         3492    .text               c_w.l(heapauxi.o)
    0x080006e8   0x080006e8   0x00000002   Code   RO         3532    .text               c_w.l(use_no_semi.o)
    0x080006ea   0x080006ea   0x0000008a   Code   RO         3535    .text               c_w.l(lludiv10.o)
    0x08000774   0x08000774   0x000000b2   Code   RO         3537    .text               c_w.l(_printf_intcommon.o)
    0x08000826   0x08000826   0x0000041e   Code   RO         3539    .text               c_w.l(_printf_fp_dec.o)
    0x08000c44   0x08000c44   0x00000030   Code   RO         3541    .text               c_w.l(_printf_char_common.o)
    0x08000c74   0x08000c74   0x0000002c   Code   RO         3545    .text               c_w.l(_printf_char.o)
    0x08000ca0   0x08000ca0   0x00000024   Code   RO         3547    .text               c_w.l(_printf_char_file.o)
    0x08000cc4   0x08000cc4   0x00000064   Code   RO         3551    .text               c_w.l(rt_memcpy_w.o)
    0x08000d28   0x08000d28   0x00000044   Code   RO         3553    .text               c_w.l(rt_memclr.o)
    0x08000d6c   0x08000d6c   0x00000008   Code   RO         3582    .text               c_w.l(rt_locale_intlibspace.o)
    0x08000d74   0x08000d74   0x00000080   Code   RO         3584    .text               c_w.l(_printf_fp_infnan.o)
    0x08000df4   0x08000df4   0x000000e4   Code   RO         3588    .text               c_w.l(bigflt0.o)
    0x08000ed8   0x08000ed8   0x00000008   Code   RO         3613    .text               c_w.l(ferror.o)
    0x08000ee0   0x08000ee0   0x0000004e   Code   RO         3620    .text               c_w.l(rt_memclr_w.o)
    0x08000f2e   0x08000f2e   0x00000002   PAD
    0x08000f30   0x08000f30   0x00000008   Code   RO         3626    .text               c_w.l(libspace.o)
    0x08000f38   0x08000f38   0x0000004a   Code   RO         3629    .text               c_w.l(sys_stackheap_outer.o)
    0x08000f82   0x08000f82   0x00000012   Code   RO         3631    .text               c_w.l(exit.o)
    0x08000f94   0x08000f94   0x00000080   Code   RO         3633    .text               c_w.l(strcmpv7m.o)
    0x08001014   0x08001014   0x0000003e   Code   RO         3591    CL$$btod_d2e        c_w.l(btod.o)
    0x08001052   0x08001052   0x00000046   Code   RO         3593    CL$$btod_d2e_denorm_low  c_w.l(btod.o)
    0x08001098   0x08001098   0x00000060   Code   RO         3592    CL$$btod_d2e_norm_op1  c_w.l(btod.o)
    0x080010f8   0x080010f8   0x00000338   Code   RO         3601    CL$$btod_div_common  c_w.l(btod.o)
    0x08001430   0x08001430   0x000000dc   Code   RO         3598    CL$$btod_e2e        c_w.l(btod.o)
    0x0800150c   0x0800150c   0x0000002a   Code   RO         3595    CL$$btod_ediv       c_w.l(btod.o)
    0x08001536   0x08001536   0x0000002a   Code   RO         3594    CL$$btod_emul       c_w.l(btod.o)
    0x08001560   0x08001560   0x00000244   Code   RO         3600    CL$$btod_mult_common  c_w.l(btod.o)
    0x080017a4   0x080017a4   0x00000014   Code   RO          326    i.ADC_Cmd           stm32f10x_adc.o
    0x080017b8   0x080017b8   0x00000044   Code   RO          328    i.ADC_DeInit        stm32f10x_adc.o
    0x080017fc   0x080017fc   0x0000000e   Code   RO          334    i.ADC_GetCalibrationStatus  stm32f10x_adc.o
    0x0800180a   0x0800180a   0x00000006   Code   RO          335    i.ADC_GetConversionValue  stm32f10x_adc.o
    0x08001810   0x08001810   0x0000000e   Code   RO          337    i.ADC_GetFlagStatus  stm32f10x_adc.o
    0x0800181e   0x0800181e   0x0000000e   Code   RO          340    i.ADC_GetResetCalibrationStatus  stm32f10x_adc.o
    0x0800182c   0x0800182c   0x00000048   Code   RO          344    i.ADC_Init          stm32f10x_adc.o
    0x08001874   0x08001874   0x00000074   Code   RO          348    i.ADC_RegularChannelConfig  stm32f10x_adc.o
    0x080018e8   0x080018e8   0x0000000a   Code   RO          349    i.ADC_ResetCalibration  stm32f10x_adc.o
    0x080018f2   0x080018f2   0x00000014   Code   RO          351    i.ADC_SoftwareStartConvCmd  stm32f10x_adc.o
    0x08001906   0x08001906   0x0000000a   Code   RO          353    i.ADC_StartCalibration  stm32f10x_adc.o
    0x08001910   0x08001910   0x00000004   Code   RO          904    i.AT24CXX_Init      24cxx.o
    0x08001914   0x08001914   0x00000022   Code   RO          905    i.AT24CXX_Read      24cxx.o
    0x08001936   0x08001936   0x00000042   Code   RO          907    i.AT24CXX_ReadOneByte  24cxx.o
    0x08001978   0x08001978   0x00000020   Code   RO          908    i.AT24CXX_Write     24cxx.o
    0x08001998   0x08001998   0x0000003e   Code   RO          910    i.AT24CXX_WriteOneByte  24cxx.o
    0x080019d6   0x080019d6   0x00000002   PAD
    0x080019d8   0x080019d8   0x00000088   Code   RO          957    i.Adc_Init          adc.o
    0x08001a60   0x08001a60   0x00000094   Code   RO            1    i.AutoReloadCallback  main.o
    0x08001af4   0x08001af4   0x00000060   Code   RO            2    i.AutotestCallback  main.o
    0x08001b54   0x08001b54   0x00000038   Code   RO          808    i.BEEP_Init         beep.o
    0x08001b8c   0x08001b8c   0x00000002   Code   RO          220    i.BusFault_Handler  stm32f10x_it.o
    0x08001b8e   0x08001b8e   0x00000002   PAD
    0x08001b90   0x08001b90   0x00000014   Code   RO          554    i.ConfigureTimeForRunTimeStats  timer.o
    0x08001ba4   0x08001ba4   0x00000002   Code   RO          221    i.DebugMon_Handler  stm32f10x_it.o
    0x08001ba6   0x08001ba6   0x00000002   PAD
    0x08001ba8   0x08001ba8   0x00000060   Code   RO          820    i.EXTI4_IRQHandler  exti.o
    0x08001c08   0x08001c08   0x0000004e   Code   RO          821    i.EXTIX_Init        exti.o
    0x08001c56   0x08001c56   0x00000002   PAD
    0x08001c58   0x08001c58   0x0000000c   Code   RO         2321    i.EXTI_ClearITPendingBit  stm32f10x_exti.o
    0x08001c64   0x08001c64   0x00000070   Code   RO         2326    i.EXTI_Init         stm32f10x_exti.o
    0x08001cd4   0x08001cd4   0x00000020   Code   RO         2211    i.FSMC_NORSRAMCmd   stm32f10x_fsmc.o
    0x08001cf4   0x08001cf4   0x000000c8   Code   RO         2213    i.FSMC_NORSRAMInit  stm32f10x_fsmc.o
    0x08001dbc   0x08001dbc   0x00000028   Code   RO         1152    i.GPIO_EXTILineConfig  stm32f10x_gpio.o
    0x08001de4   0x08001de4   0x0000009c   Code   RO         1155    i.GPIO_Init         stm32f10x_gpio.o
    0x08001e80   0x08001e80   0x0000000e   Code   RO         1159    i.GPIO_ReadInputDataBit  stm32f10x_gpio.o
    0x08001e8e   0x08001e8e   0x00000004   Code   RO         1162    i.GPIO_ResetBits    stm32f10x_gpio.o
    0x08001e92   0x08001e92   0x00000004   Code   RO         1163    i.GPIO_SetBits      stm32f10x_gpio.o
    0x08001e96   0x08001e96   0x00000002   PAD
    0x08001e98   0x08001e98   0x00000034   Code   RO          958    i.Get_Adc           adc.o
    0x08001ecc   0x08001ecc   0x0000002e   Code   RO          959    i.Get_Adc_Average   adc.o
    0x08001efa   0x08001efa   0x00000002   Code   RO          222    i.HardFault_Handler  stm32f10x_it.o
    0x08001efc   0x08001efc   0x00000040   Code   RO          849    i.IIC_Ack           myiic.o
    0x08001f3c   0x08001f3c   0x00000034   Code   RO          850    i.IIC_Init          myiic.o
    0x08001f70   0x08001f70   0x00000040   Code   RO          851    i.IIC_NAck          myiic.o
    0x08001fb0   0x08001fb0   0x0000006c   Code   RO          852    i.IIC_Read_Byte     myiic.o
    0x0800201c   0x0800201c   0x00000060   Code   RO          853    i.IIC_Send_Byte     myiic.o
    0x0800207c   0x0800207c   0x00000040   Code   RO          854    i.IIC_Start         myiic.o
    0x080020bc   0x080020bc   0x00000044   Code   RO          855    i.IIC_Stop          myiic.o
    0x08002100   0x08002100   0x00000058   Code   RO          856    i.IIC_Wait_Ack      myiic.o
    0x08002158   0x08002158   0x0000003c   Code   RO          789    i.KEY_Init          key.o
    0x08002194   0x08002194   0x000000a8   Code   RO          790    i.KEY_Scan          key.o
    0x0800223c   0x0800223c   0x0000006c   Code   RO          589    i.LCD_Clear         lcd.o
    0x080022a8   0x080022a8   0x00000134   Code   RO          593    i.LCD_Display_Dir   lcd.o
    0x080023dc   0x080023dc   0x00000096   Code   RO          594    i.LCD_DrawLine      lcd.o
    0x08002472   0x08002472   0x00000002   PAD
    0x08002474   0x08002474   0x0000001c   Code   RO          595    i.LCD_DrawPoint     lcd.o
    0x08002490   0x08002490   0x00000038   Code   RO          596    i.LCD_DrawRectangle  lcd.o
    0x080024c8   0x080024c8   0x00000120   Code   RO          598    i.LCD_Fast_DrawPoint  lcd.o
    0x080025e8   0x080025e8   0x0000008c   Code   RO          599    i.LCD_Fill          lcd.o
    0x08002674   0x08002674   0x00002e30   Code   RO          600    i.LCD_Init          lcd.o
    0x080054a4   0x080054a4   0x00000010   Code   RO          601    i.LCD_Pow           lcd.o
    0x080054b4   0x080054b4   0x00000014   Code   RO          602    i.LCD_RD_DATA       lcd.o
    0x080054c8   0x080054c8   0x00000018   Code   RO          604    i.LCD_ReadReg       lcd.o
    0x080054e0   0x080054e0   0x0000003c   Code   RO          605    i.LCD_SSD_BackLightSet  lcd.o
    0x0800551c   0x0800551c   0x000001a8   Code   RO          606    i.LCD_Scan_Dir      lcd.o
    0x080056c4   0x080056c4   0x00000148   Code   RO          607    i.LCD_SetCursor     lcd.o
    0x0800580c   0x0800580c   0x000000cc   Code   RO          609    i.LCD_ShowChar      lcd.o
    0x080058d8   0x080058d8   0x00000054   Code   RO          611    i.LCD_ShowString    lcd.o
    0x0800592c   0x0800592c   0x00000086   Code   RO          612    i.LCD_ShowxNum      lcd.o
    0x080059b2   0x080059b2   0x00000002   PAD
    0x080059b4   0x080059b4   0x00000014   Code   RO          616    i.LCD_WriteRAM_Prepare  lcd.o
    0x080059c8   0x080059c8   0x00000010   Code   RO          617    i.LCD_WriteReg      lcd.o
    0x080059d8   0x080059d8   0x00000050   Code   RO          542    i.LED_Init          led.o
    0x08005a28   0x08005a28   0x00000002   Code   RO          223    i.MemManage_Handler  stm32f10x_it.o
    0x08005a2a   0x08005a2a   0x00000002   Code   RO          224    i.NMI_Handler       stm32f10x_it.o
    0x08005a2c   0x08005a2c   0x00000064   Code   RO         1113    i.NVIC_Init         misc.o
    0x08005a90   0x08005a90   0x00000014   Code   RO         1114    i.NVIC_PriorityGroupConfig  misc.o
    0x08005aa4   0x08005aa4   0x0000010c   Code   RO            3    i.OneShotCallback   main.o
    0x08005bb0   0x08005bb0   0x00000014   Code   RO         1287    i.RCC_ADCCLKConfig  stm32f10x_rcc.o
    0x08005bc4   0x08005bc4   0x00000018   Code   RO         1288    i.RCC_AHBPeriphClockCmd  stm32f10x_rcc.o
    0x08005bdc   0x08005bdc   0x00000018   Code   RO         1289    i.RCC_APB1PeriphClockCmd  stm32f10x_rcc.o
    0x08005bf4   0x08005bf4   0x00000018   Code   RO         1291    i.RCC_APB2PeriphClockCmd  stm32f10x_rcc.o
    0x08005c0c   0x08005c0c   0x00000018   Code   RO         1292    i.RCC_APB2PeriphResetCmd  stm32f10x_rcc.o
    0x08005c24   0x08005c24   0x00000094   Code   RO         1299    i.RCC_GetClocksFreq  stm32f10x_rcc.o
    0x08005cb8   0x08005cb8   0x000000a8   Code   RO          291    i.SetSysClockTo72   system_stm32f10x.o
    0x08005d60   0x08005d60   0x00000018   Code   RO         1117    i.SysTick_CLKSourceConfig  misc.o
    0x08005d78   0x08005d78   0x00000014   Code   RO          981    i.SysTick_Handler   delay.o
    0x08005d8c   0x08005d8c   0x00000050   Code   RO          293    i.SystemInit        system_stm32f10x.o
    0x08005ddc   0x08005ddc   0x00000034   Code   RO          555    i.TIM3_IRQHandler   timer.o
    0x08005e10   0x08005e10   0x0000005c   Code   RO          556    i.TIM3_Int_Init     timer.o
    0x08005e6c   0x08005e6c   0x00000006   Code   RO         1676    i.TIM_ClearITPendingBit  stm32f10x_tim.o
    0x08005e72   0x08005e72   0x00000014   Code   RO         1681    i.TIM_Cmd           stm32f10x_tim.o
    0x08005e86   0x08005e86   0x00000018   Code   RO         1702    i.TIM_GetITStatus   stm32f10x_tim.o
    0x08005e9e   0x08005e9e   0x00000010   Code   RO         1706    i.TIM_ITConfig      stm32f10x_tim.o
    0x08005eae   0x08005eae   0x00000002   PAD
    0x08005eb0   0x08005eb0   0x0000009c   Code   RO         1752    i.TIM_TimeBaseInit  stm32f10x_tim.o
    0x08005f4c   0x08005f4c   0x00000064   Code   RO         1048    i.USART1_IRQHandler  usart.o
    0x08005fb0   0x08005fb0   0x00000014   Code   RO         1491    i.USART_Cmd         stm32f10x_usart.o
    0x08005fc4   0x08005fc4   0x0000003e   Code   RO         1495    i.USART_GetITStatus  stm32f10x_usart.o
    0x08006002   0x08006002   0x00000030   Code   RO         1497    i.USART_ITConfig    stm32f10x_usart.o
    0x08006032   0x08006032   0x00000002   PAD
    0x08006034   0x08006034   0x000000ac   Code   RO         1498    i.USART_Init        stm32f10x_usart.o
    0x080060e0   0x080060e0   0x00000008   Code   RO         1505    i.USART_ReceiveData  stm32f10x_usart.o
    0x080060e8   0x080060e8   0x00000002   Code   RO          225    i.UsageFault_Handler  stm32f10x_it.o
    0x080060ea   0x080060ea   0x00000028   Code   RO         3624    i.__ARM_fpclassify  m_ws.l(fpclassify.o)
    0x08006112   0x08006112   0x0000000e   Code   RO         3466    i._is_digit         c_w.l(__printf_wp.o)
    0x08006120   0x08006120   0x00000002   Code   RO         1049    i._sys_exit         usart.o
    0x08006122   0x08006122   0x00000002   PAD
    0x08006124   0x08006124   0x00000048   Code   RO          982    i.delay_init        delay.o
    0x0800616c   0x0800616c   0x00000038   Code   RO          983    i.delay_ms          delay.o
    0x080061a4   0x080061a4   0x00000034   Code   RO          984    i.delay_us          delay.o
    0x080061d8   0x080061d8   0x0000001a   Code   RO          985    i.delay_xms         delay.o
    0x080061f2   0x080061f2   0x00000002   PAD
    0x080061f4   0x080061f4   0x00000018   Code   RO         1050    i.fputc             usart.o
    0x0800620c   0x0800620c   0x000001d4   Code   RO            4    i.main              main.o
    0x080063e0   0x080063e0   0x0000003c   Code   RO         2375    i.my_mem_init       malloc.o
    0x0800641c   0x0800641c   0x00000038   Code   RO         2377    i.my_mem_perused    malloc.o
    0x08006454   0x08006454   0x0000000c   Code   RO         2381    i.mymemset          malloc.o
    0x08006460   0x08006460   0x00000070   Code   RO         2811    i.prvAddCurrentTaskToDelayedList  tasks.o
    0x080064d0   0x080064d0   0x000000d0   Code   RO         2812    i.prvAddNewTaskToReadyList  tasks.o
    0x080065a0   0x080065a0   0x00000050   Code   RO         3167    i.prvCheckForValidListAndQueue  timers.o
    0x080065f0   0x080065f0   0x00000054   Code   RO         2813    i.prvCheckTasksWaitingTermination  tasks.o
    0x08006644   0x08006644   0x00000026   Code   RO         2593    i.prvCopyDataFromQueue  queue.o
    0x0800666a   0x0800666a   0x0000006c   Code   RO         2594    i.prvCopyDataToQueue  queue.o
    0x080066d6   0x080066d6   0x00000014   Code   RO         2814    i.prvDeleteTCB      tasks.o
    0x080066ea   0x080066ea   0x00000002   PAD
    0x080066ec   0x080066ec   0x0000004c   Code   RO         3287    i.prvHeapInit       heap_4.o
    0x08006738   0x08006738   0x00000028   Code   RO         2815    i.prvIdleTask       tasks.o
    0x08006760   0x08006760   0x000000c0   Code   RO         2816    i.prvInitialiseNewTask  tasks.o
    0x08006820   0x08006820   0x0000004c   Code   RO         3288    i.prvInsertBlockIntoFreeList  heap_4.o
    0x0800686c   0x0800686c   0x00000038   Code   RO         3168    i.prvInsertTimerInActiveList  timers.o
    0x080068a4   0x080068a4   0x0000001a   Code   RO         2595    i.prvIsQueueEmpty   queue.o
    0x080068be   0x080068be   0x00000002   PAD
    0x080068c0   0x080068c0   0x00000090   Code   RO         2596    i.prvNotifyQueueSetContainer  queue.o
    0x08006950   0x08006950   0x00000060   Code   RO         3169    i.prvProcessExpiredTimer  timers.o
    0x080069b0   0x080069b0   0x000000f0   Code   RO         3170    i.prvProcessReceivedCommands  timers.o
    0x08006aa0   0x08006aa0   0x0000006c   Code   RO         3171    i.prvProcessTimerOrBlockTask  timers.o
    0x08006b0c   0x08006b0c   0x00000020   Code   RO         2818    i.prvResetNextTaskUnblockTime  tasks.o
    0x08006b2c   0x08006b2c   0x00000028   Code   RO         3172    i.prvSampleTimeNow  timers.o
    0x08006b54   0x08006b54   0x0000006c   Code   RO         3173    i.prvSwitchTimerLists  timers.o
    0x08006bc0   0x08006bc0   0x00000064   Code   RO         3337    i.prvTaskExitError  port.o
    0x08006c24   0x08006c24   0x00000054   Code   RO         2819    i.prvTaskIsTaskSuspended  tasks.o
    0x08006c78   0x08006c78   0x00000028   Code   RO         3174    i.prvTimerTask      timers.o
    0x08006ca0   0x08006ca0   0x00000078   Code   RO         2597    i.prvUnlockQueue    queue.o
    0x08006d18   0x08006d18   0x00000114   Code   RO         3289    i.pvPortMalloc      heap_4.o
    0x08006e2c   0x08006e2c   0x00000018   Code   RO         2821    i.pvTaskIncrementMutexHeldCount  tasks.o
    0x08006e44   0x08006e44   0x00000024   Code   RO         3338    i.pxPortInitialiseStack  port.o
    0x08006e68   0x08006e68   0x000000c0   Code   RO            5    i.start_task        main.o
    0x08006f28   0x08006f28   0x000000dc   Code   RO            6    i.timercontrol_task  main.o
    0x08007004   0x08007004   0x000000a4   Code   RO         1051    i.uart_init         usart.o
    0x080070a8   0x080070a8   0x00000024   Code   RO         2556    i.uxListRemove      list.o
    0x080070cc   0x080070cc   0x00000016   Code   RO         2557    i.vListInitialise   list.o
    0x080070e2   0x080070e2   0x00000006   Code   RO         2558    i.vListInitialiseItem  list.o
    0x080070e8   0x080070e8   0x00000030   Code   RO         2559    i.vListInsert       list.o
    0x08007118   0x08007118   0x00000018   Code   RO         2560    i.vListInsertEnd    list.o
    0x08007130   0x08007130   0x00000078   Code   RO         3340    i.vPortEnterCritical  port.o
    0x080071a8   0x080071a8   0x00000064   Code   RO         3341    i.vPortExitCritical  port.o
    0x0800720c   0x0800720c   0x0000009c   Code   RO         3290    i.vPortFree         heap_4.o
    0x080072a8   0x080072a8   0x00000020   Code   RO         3342    i.vPortSetupTimerInterrupt  port.o
    0x080072c8   0x080072c8   0x0000008c   Code   RO         3343    i.vPortValidateInterruptPriority  port.o
    0x08007354   0x08007354   0x00000024   Code   RO         2603    i.vQueueAddToRegistry  queue.o
    0x08007378   0x08007378   0x00000044   Code   RO         2607    i.vQueueWaitForMessageRestricted  queue.o
    0x080073bc   0x080073bc   0x0000006c   Code   RO         2829    i.vTaskDelay        tasks.o
    0x08007428   0x08007428   0x000000cc   Code   RO         2831    i.vTaskDelete       tasks.o
    0x080074f4   0x080074f4   0x0000000c   Code   RO         2836    i.vTaskMissedYield  tasks.o
    0x08007500   0x08007500   0x00000054   Code   RO         2838    i.vTaskPlaceOnEventList  tasks.o
    0x08007554   0x08007554   0x0000005c   Code   RO         2839    i.vTaskPlaceOnEventListRestricted  tasks.o
    0x080075b0   0x080075b0   0x00000084   Code   RO         2841    i.vTaskPriorityInherit  tasks.o
    0x08007634   0x08007634   0x00000048   Code   RO         2845    i.vTaskSetTimeOutState  tasks.o
    0x0800767c   0x0800767c   0x00000098   Code   RO         2846    i.vTaskStartScheduler  tasks.o
    0x08007714   0x08007714   0x00000010   Code   RO         2848    i.vTaskSuspendAll   tasks.o
    0x08007724   0x08007724   0x0000009c   Code   RO         2849    i.vTaskSwitchContext  tasks.o
    0x080077c0   0x080077c0   0x00000078   Code   RO         3344    i.xPortStartScheduler  port.o
    0x08007838   0x08007838   0x0000002c   Code   RO         3345    i.xPortSysTickHandler  port.o
    0x08007864   0x08007864   0x00000078   Code   RO         2612    i.xQueueGenericCreate  queue.o
    0x080078dc   0x080078dc   0x00000184   Code   RO         2613    i.xQueueGenericReceive  queue.o
    0x08007a60   0x08007a60   0x000000a8   Code   RO         2614    i.xQueueGenericReset  queue.o
    0x08007b08   0x08007b08   0x00000188   Code   RO         2615    i.xQueueGenericSend  queue.o
    0x08007c90   0x08007c90   0x000000e0   Code   RO         2616    i.xQueueGenericSendFromISR  queue.o
    0x08007d70   0x08007d70   0x00000088   Code   RO         2850    i.xTaskCheckForTimeOut  tasks.o
    0x08007df8   0x08007df8   0x00000056   Code   RO         2851    i.xTaskCreate       tasks.o
    0x08007e4e   0x08007e4e   0x00000002   PAD
    0x08007e50   0x08007e50   0x0000001c   Code   RO         2855    i.xTaskGetSchedulerState  tasks.o
    0x08007e6c   0x08007e6c   0x0000000c   Code   RO         2856    i.xTaskGetTickCount  tasks.o
    0x08007e78   0x08007e78   0x000000e8   Code   RO         2858    i.xTaskIncrementTick  tasks.o
    0x08007f60   0x08007f60   0x000000b4   Code   RO         2861    i.xTaskPriorityDisinherit  tasks.o
    0x08008014   0x08008014   0x00000098   Code   RO         2862    i.xTaskRemoveFromEventList  tasks.o
    0x080080ac   0x080080ac   0x000000e4   Code   RO         2864    i.xTaskResumeAll    tasks.o
    0x08008190   0x08008190   0x000000ac   Code   RO         2865    i.xTaskResumeFromISR  tasks.o
    0x0800823c   0x0800823c   0x00000074   Code   RO         3177    i.xTimerCreate      timers.o
    0x080082b0   0x080082b0   0x00000074   Code   RO         3178    i.xTimerCreateTimerTask  timers.o
    0x08008324   0x08008324   0x00000090   Code   RO         3179    i.xTimerGenericCommand  timers.o
    0x080083b4   0x080083b4   0x0000002c   Code   RO         3618    locale$$code        c_w.l(lc_numeric_c.o)
    0x080083e0   0x080083e0   0x00000062   Code   RO         3496    x$fpl$d2f           fz_ws.l(d2f.o)
    0x08008442   0x08008442   0x00000002   PAD
    0x08008444   0x08008444   0x0000005a   Code   RO         3498    x$fpl$dfixu         fz_ws.l(dfixu.o)
    0x0800849e   0x0800849e   0x00000026   Code   RO         3502    x$fpl$dfltu         fz_ws.l(dflt_clz.o)
    0x080084c4   0x080084c4   0x00000154   Code   RO         3508    x$fpl$dmul          fz_ws.l(dmul.o)
    0x08008618   0x08008618   0x0000009c   Code   RO         3555    x$fpl$dnaninf       fz_ws.l(dnaninf.o)
    0x080086b4   0x080086b4   0x0000000c   Code   RO         3557    x$fpl$dretinf       fz_ws.l(dretinf.o)
    0x080086c0   0x080086c0   0x00000056   Code   RO         3510    x$fpl$f2d           fz_ws.l(f2d.o)
    0x08008716   0x08008716   0x00000002   PAD
    0x08008718   0x08008718   0x000000c4   Code   RO         3512    x$fpl$fadd          fz_ws.l(faddsub_clz.o)
    0x080087dc   0x080087dc   0x0000003e   Code   RO         3518    x$fpl$ffixu         fz_ws.l(ffixu.o)
    0x0800881a   0x0800881a   0x00000002   PAD
    0x0800881c   0x0800881c   0x00000026   Code   RO         3522    x$fpl$ffltu         fz_ws.l(fflt_clz.o)
    0x08008842   0x08008842   0x00000002   PAD
    0x08008844   0x08008844   0x00000102   Code   RO         3528    x$fpl$fmul          fz_ws.l(fmul.o)
    0x08008946   0x08008946   0x0000008c   Code   RO         3559    x$fpl$fnaninf       fz_ws.l(fnaninf.o)
    0x080089d2   0x080089d2   0x0000000a   Code   RO         3561    x$fpl$fretinf       fz_ws.l(fretinf.o)
    0x080089dc   0x080089dc   0x00000014   Code   RO         3513    x$fpl$frsb          fz_ws.l(faddsub_clz.o)
    0x080089f0   0x080089f0   0x000000ea   Code   RO         3514    x$fpl$fsub          fz_ws.l(faddsub_clz.o)
    0x08008ada   0x08008ada   0x00000004   Code   RO         3530    x$fpl$printf1       fz_ws.l(printf1.o)
    0x08008ade   0x08008ade   0x00000000   Code   RO         3563    x$fpl$usenofp       fz_ws.l(usenofp.o)
    0x08008ade   0x08008ade   0x00000015   Data   RO            7    .constdata          main.o
    0x08008af3   0x08008af3   0x000017c0   Data   RO          620    .constdata          lcd.o
    0x0800a2b3   0x0800a2b3   0x00000001   PAD
    0x0800a2b4   0x0800a2b4   0x00000018   Data   RO         2387    .constdata          malloc.o
    0x0800a2cc   0x0800a2cc   0x00000028   Data   RO         3439    .constdata          c_w.l(_printf_hex_int.o)
    0x0800a2f4   0x0800a2f4   0x00000094   Data   RO         3589    .constdata          c_w.l(bigflt0.o)
    0x0800a388   0x0800a388   0x00000020   Data   RO         3763    Region$$Table       anon$$obj.o
    0x0800a3a8   0x0800a3a8   0x0000001c   Data   RO         3617    locale$$data        c_w.l(lc_numeric_c.o)


    Execution Region ER_RW (Exec base: 0x20000000, Load base: 0x0800a3c4, Size: 0x00000128, Max: 0xffffffff, ABSOLUTE)

    Exec Addr    Load Addr    Size         Type   Attr      Idx    E Section Name        Object

    0x20000000   0x0800a3c4   0x00000058   Data   RW            8    .data               main.o
    0x20000058   0x0800a41c   0x00000014   Data   RW          294    .data               system_stm32f10x.o
    0x2000006c   0x0800a430   0x00000004   Data   RW          621    .data               lcd.o
    0x20000070   0x0800a434   0x00000001   Data   RW          791    .data               key.o
    0x20000071   0x0800a435   0x00000001   PAD
    0x20000072   0x0800a436   0x00000004   Data   RW          986    .data               delay.o
    0x20000076   0x0800a43a   0x00000002   Data   RW         1053    .data               usart.o
    0x20000078   0x0800a43c   0x00000004   Data   RW         1054    .data               usart.o
    0x2000007c   0x0800a440   0x00000014   Data   RW         1319    .data               stm32f10x_rcc.o
    0x20000090   0x0800a454   0x0000001c   Data   RW         2388    .data               malloc.o
    0x200000ac   0x0800a470   0x00000044   Data   RW         2867    .data               tasks.o
    0x200000f0   0x0800a4b4   0x00000014   Data   RW         3187    .data               timers.o
    0x20000104   0x0800a4c8   0x00000018   Data   RW         3295    .data               heap_4.o
    0x2000011c   0x0800a4e0   0x0000000c   Data   RW         3346    .data               port.o


    Execution Region ER_ZI (Exec base: 0x20000128, Load base: 0x0800a4ec, Size: 0x0000af88, Max: 0xffffffff, ABSOLUTE)

    Exec Addr    Load Addr    Size         Type   Attr      Idx    E Section Name        Object

    0x20000128        -       0x0000000e   Zero   RW          619    .bss                lcd.o
    0x20000136        -       0x000000c8   Zero   RW         1052    .bss                usart.o
    0x200001fe   0x0800a4ec   0x00000002   PAD
    0x20000200        -       0x00005000   Zero   RW         2385    .bss                malloc.o
    0x20005200        -       0x00000500   Zero   RW         2386    .bss                malloc.o
    0x20005700        -       0x00000040   Zero   RW         2627    .bss                queue.o
    0x20005740        -       0x000002e4   Zero   RW         2866    .bss                tasks.o
    0x20005a24        -       0x00000028   Zero   RW         3186    .bss                timers.o
    0x20005a4c        -       0x00005000   Zero   RW         3294    .bss                heap_4.o
    0x2000aa4c        -       0x00000060   Zero   RW         3627    .bss                c_w.l(libspace.o)
    0x2000aaac   0x0800a4ec   0x00000004   PAD
    0x2000aab0        -       0x00000200   Zero   RW         1107    HEAP                startup_stm32f10x_hd.o
    0x2000acb0        -       0x00000400   Zero   RW         1106    STACK               startup_stm32f10x_hd.o



  Load Region LR$$.ARM.__AT_0x68000000 (Base: 0x68000000, Size: 0x00000000, Max: 0x00000020, ABSOLUTE)

    Execution Region ER$$.ARM.__AT_0x68000000 (Exec base: 0x68000000, Load base: 0x68000000, Size: 0x00000020, Max: 0x00000020, ABSOLUTE, UNINIT)

    Exec Addr    Load Addr    Size         Type   Attr      Idx    E Section Name        Object

    0x68000000        -       0x00000020   Zero   RW         2383    .ARM.__AT_0x68000000  malloc.o



  Load Region LR$$.ARM.__AT_0x68000020 (Base: 0x68000020, Size: 0x00000000, Max: 0x00000004, ABSOLUTE)

    Execution Region ER$$.ARM.__AT_0x68000020 (Exec base: 0x68000020, Load base: 0x68000020, Size: 0x00000004, Max: 0x00000004, ABSOLUTE, UNINIT)

    Exec Addr    Load Addr    Size         Type   Attr      Idx    E Section Name        Object

    0x68000020        -       0x00000002   Zero   RW         2384    .ARM.__AT_0x68000020  malloc.o


==============================================================================

Image component sizes


      Code (inc. data)   RO Data    RW Data    ZI Data      Debug   Object Name

       198          0          0          0          0       3251   24cxx.o
       234         16          0          0          0       1767   adc.o
        56          6          0          0          0        500   beep.o
       226         20          0          4          0       2909   delay.o
         0          0          0          0          0       7916   event_groups.o
       174         34          0          0          0       1108   exti.o
       584        138          0         24      20480       3971   heap_4.o
       228         22          0          1          0       1198   key.o
     14232        182       6080          4         14      56590   lcd.o
        80         10          0          0          0        503   led.o
       136          0          0          0          0       2994   list.o
      1392        440         21         88          0     289261   main.o
       128         18         24         28      21794       3327   malloc.o
       144         16          0          0          0       2081   misc.o
       604         66          0          0          0       4310   myiic.o
       842        312          0         12          0      10041   port.o
      1832        236          0          0         64      12929   queue.o
        64         26        304          0       1536        792   startup_stm32f10x_hd.o
       364         22          0          0          0       8698   stm32f10x_adc.o
       124         10          0          0          0       1569   stm32f10x_exti.o
       232          6          0          0          0       1881   stm32f10x_fsmc.o
       218          6          0          0          0       4362   stm32f10x_gpio.o
        12          0          0          0          0       2457   stm32f10x_it.o
       264         46          0         20          0       6186   stm32f10x_rcc.o
       222         42          0          0          0       4501   stm32f10x_tim.o
       310          6          0          0          0       5178   stm32f10x_usart.o
         0          0          0          0          0         32   sys.o
       248         24          0         20          0       1713   system_stm32f10x.o
      3050        764          0         68        740      30460   tasks.o
       164         16          0          0          0       4065   timer.o
      1144        260          0         20         40       9558   timers.o
       290         28          0          6        200       4244   usart.o

    ----------------------------------------------------------------------
     27826       2772       6462        296      44872     490352   Object Totals
         0          0         32          0          0          0   (incl. Generated)
        30          0          1          1          4          0   (incl. Padding)

    ----------------------------------------------------------------------

      Code (inc. data)   RO Data    RW Data    ZI Data      Debug   Library Member Name

         8          0          0          0          0         68   __main.o
       352          0          0          0          0         88   __printf_ss_wp.o
        14          0          0          0          0         68   __printf_wp.o
         0          0          0          0          0          0   __rtentry.o
        12          0          0          0          0          0   __rtentry2.o
         6          0          0          0          0          0   __rtentry4.o
        52          8          0          0          0          0   __scatter.o
        26          0          0          0          0          0   __scatter_copy.o
        28          0          0          0          0          0   __scatter_zi.o
        44          0          0          0          0        108   _printf_char.o
        48          6          0          0          0         96   _printf_char_common.o
        36          4          0          0          0         80   _printf_char_file.o
         6          0          0          0          0          0   _printf_d.o
       120         16          0          0          0         92   _printf_dec.o
         6          0          0          0          0          0   _printf_f.o
      1054          0          0          0          0        216   _printf_fp_dec.o
       128         16          0          0          0         84   _printf_fp_infnan.o
        88          4         40          0          0         88   _printf_hex_int.o
       178          0          0          0          0         88   _printf_intcommon.o
        10          0          0          0          0          0   _printf_ll.o
         6          0          0          0          0          0   _printf_lld.o
       124         16          0          0          0         92   _printf_longlong_dec.o
        78          0          0          0          0        108   _printf_pad.o
         0          0          0          0          0          0   _printf_percent.o
         4          0          0          0          0          0   _printf_percent_end.o
         6          0          0          0          0          0   _printf_s.o
        82          0          0          0          0         80   _printf_str.o
         6          0          0          0          0          0   _printf_x.o
        16          0          0          0          0         68   aeabi_memset.o
       228          4        148          0          0         96   bigflt0.o
      1936        128          0          0          0        672   btod.o
        18          0          0          0          0         80   exit.o
         8          0          0          0          0         68   ferror.o
         6          0          0          0          0        152   heapauxi.o
        44         10         28          0          0         76   lc_numeric_c.o
         2          0          0          0          0          0   libinit.o
        18          0          0          0          0          0   libinit2.o
         2          0          0          0          0          0   libshutdown.o
         2          0          0          0          0          0   libshutdown2.o
         8          4          0          0         96         68   libspace.o
       138          0          0          0          0         80   lludiv10.o
        24          4          0          0          0         84   noretval__2printf.o
         8          4          0          0          0         68   rt_locale_intlibspace.o
        68          0          0          0          0         68   rt_memclr.o
        78          0          0          0          0         80   rt_memclr_w.o
       138          0          0          0          0         68   rt_memcpy_v6.o
       100          0          0          0          0         80   rt_memcpy_w.o
         2          0          0          0          0          0   rtexit.o
        10          0          0          0          0          0   rtexit2.o
       128          0          0          0          0         68   strcmpv7m.o
        74          0          0          0          0         80   sys_stackheap_outer.o
         2          0          0          0          0         68   use_no_semi.o
         2          0          0          0          0         68   use_no_semi_2.o
        98          4          0          0          0         92   d2f.o
        90          4          0          0          0         92   dfixu.o
        38          0          0          0          0         68   dflt_clz.o
       340         12          0          0          0        104   dmul.o
       156          4          0          0          0         92   dnaninf.o
        12          0          0          0          0         68   dretinf.o
        86          4          0          0          0         84   f2d.o
       450          8          0          0          0        236   faddsub_clz.o
        62          4          0          0          0         84   ffixu.o
        38          0          0          0          0         68   fflt_clz.o
       258          4          0          0          0         84   fmul.o
       140          4          0          0          0         84   fnaninf.o
        10          0          0          0          0         68   fretinf.o
         4          0          0          0          0         68   printf1.o
         0          0          0          0          0          0   usenofp.o
        40          0          0          0          0         68   fpclassify.o

    ----------------------------------------------------------------------
      7420        272        216          0        100       4808   Library Totals
        16          0          0          0          4          0   (incl. Padding)

    ----------------------------------------------------------------------

      Code (inc. data)   RO Data    RW Data    ZI Data      Debug   Library Name

      5582        224        216          0         96       3448   c_w.l
      1782         48          0          0          0       1292   fz_ws.l
        40          0          0          0          0         68   m_ws.l

    ----------------------------------------------------------------------
      7420        272        216          0        100       4808   Library Totals

    ----------------------------------------------------------------------

==============================================================================


      Code (inc. data)   RO Data    RW Data    ZI Data      Debug   

     35246       3044       6678        296      44972     483404   Grand Totals
     35246       3044       6678        296      44972     483404   ELF Image Totals
     35246       3044       6678        296          0          0   ROM Totals

==============================================================================

    Total RO  Size (Code + RO Data)                41924 (  40.94kB)
    Total RW  Size (RW Data + ZI Data)             45268 (  44.21kB)
    Total ROM Size (Code + RO Data + RW Data)      42220 (  41.23kB)

==============================================================================

